Archive member included to satisfy reference by file (symbol)

C:/ST/STM32CubeIDE_2.1.1/STM32CubeIDE/plugins/com.st.stm32cube.ide.mcu.externaltools.gnu-tools-for-stm32.14.3.rel1.win32_1.0.100.202602081740/tools/bin/../lib/gcc/arm-none-eabi/14.3.1/../../../../arm-none-eabi/lib/thumb/v7e-m+dp/hard\libc_nano.a(libc_a-exit.o)
                              C:/ST/STM32CubeIDE_2.1.1/STM32CubeIDE/plugins/com.st.stm32cube.ide.mcu.externaltools.gnu-tools-for-stm32.14.3.rel1.win32_1.0.100.202602081740/tools/bin/../lib/gcc/arm-none-eabi/14.3.1/../../../../arm-none-eabi/lib/thumb/v7e-m+dp/hard/crt0.o (exit)
C:/ST/STM32CubeIDE_2.1.1/STM32CubeIDE/plugins/com.st.stm32cube.ide.mcu.externaltools.gnu-tools-for-stm32.14.3.rel1.win32_1.0.100.202602081740/tools/bin/../lib/gcc/arm-none-eabi/14.3.1/../../../../arm-none-eabi/lib/thumb/v7e-m+dp/hard\libc_nano.a(libc_a-findfp.o)
                              C:/ST/STM32CubeIDE_2.1.1/STM32CubeIDE/plugins/com.st.stm32cube.ide.mcu.externaltools.gnu-tools-for-stm32.14.3.rel1.win32_1.0.100.202602081740/tools/bin/../lib/gcc/arm-none-eabi/14.3.1/../../../../arm-none-eabi/lib/thumb/v7e-m+dp/hard\libc_nano.a(libc_a-exit.o) (__stdio_exit_handler)
C:/ST/STM32CubeIDE_2.1.1/STM32CubeIDE/plugins/com.st.stm32cube.ide.mcu.externaltools.gnu-tools-for-stm32.14.3.rel1.win32_1.0.100.202602081740/tools/bin/../lib/gcc/arm-none-eabi/14.3.1/../../../../arm-none-eabi/lib/thumb/v7e-m+dp/hard\libc_nano.a(libc_a-fwalk.o)
                              C:/ST/STM32CubeIDE_2.1.1/STM32CubeIDE/plugins/com.st.stm32cube.ide.mcu.externaltools.gnu-tools-for-stm32.14.3.rel1.win32_1.0.100.202602081740/tools/bin/../lib/gcc/arm-none-eabi/14.3.1/../../../../arm-none-eabi/lib/thumb/v7e-m+dp/hard\libc_nano.a(libc_a-findfp.o) (_fwalk_sglue)
C:/ST/STM32CubeIDE_2.1.1/STM32CubeIDE/plugins/com.st.stm32cube.ide.mcu.externaltools.gnu-tools-for-stm32.14.3.rel1.win32_1.0.100.202602081740/tools/bin/../lib/gcc/arm-none-eabi/14.3.1/../../../../arm-none-eabi/lib/thumb/v7e-m+dp/hard\libc_nano.a(libc_a-sprintf.o)
                              ./Core/Src/UserInterface.o (sprintf)
C:/ST/STM32CubeIDE_2.1.1/STM32CubeIDE/plugins/com.st.stm32cube.ide.mcu.externaltools.gnu-tools-for-stm32.14.3.rel1.win32_1.0.100.202602081740/tools/bin/../lib/gcc/arm-none-eabi/14.3.1/../../../../arm-none-eabi/lib/thumb/v7e-m+dp/hard\libc_nano.a(libc_a-stdio.o)
                              C:/ST/STM32CubeIDE_2.1.1/STM32CubeIDE/plugins/com.st.stm32cube.ide.mcu.externaltools.gnu-tools-for-stm32.14.3.rel1.win32_1.0.100.202602081740/tools/bin/../lib/gcc/arm-none-eabi/14.3.1/../../../../arm-none-eabi/lib/thumb/v7e-m+dp/hard\libc_nano.a(libc_a-findfp.o) (__sread)
C:/ST/STM32CubeIDE_2.1.1/STM32CubeIDE/plugins/com.st.stm32cube.ide.mcu.externaltools.gnu-tools-for-stm32.14.3.rel1.win32_1.0.100.202602081740/tools/bin/../lib/gcc/arm-none-eabi/14.3.1/../../../../arm-none-eabi/lib/thumb/v7e-m+dp/hard\libc_nano.a(libc_a-memset.o)
                              C:/ST/STM32CubeIDE_2.1.1/STM32CubeIDE/plugins/com.st.stm32cube.ide.mcu.externaltools.gnu-tools-for-stm32.14.3.rel1.win32_1.0.100.202602081740/tools/bin/../lib/gcc/arm-none-eabi/14.3.1/../../../../arm-none-eabi/lib/thumb/v7e-m+dp/hard/crt0.o (memset)
C:/ST/STM32CubeIDE_2.1.1/STM32CubeIDE/plugins/com.st.stm32cube.ide.mcu.externaltools.gnu-tools-for-stm32.14.3.rel1.win32_1.0.100.202602081740/tools/bin/../lib/gcc/arm-none-eabi/14.3.1/../../../../arm-none-eabi/lib/thumb/v7e-m+dp/hard\libc_nano.a(libc_a-closer.o)
                              C:/ST/STM32CubeIDE_2.1.1/STM32CubeIDE/plugins/com.st.stm32cube.ide.mcu.externaltools.gnu-tools-for-stm32.14.3.rel1.win32_1.0.100.202602081740/tools/bin/../lib/gcc/arm-none-eabi/14.3.1/../../../../arm-none-eabi/lib/thumb/v7e-m+dp/hard\libc_nano.a(libc_a-stdio.o) (_close_r)
C:/ST/STM32CubeIDE_2.1.1/STM32CubeIDE/plugins/com.st.stm32cube.ide.mcu.externaltools.gnu-tools-for-stm32.14.3.rel1.win32_1.0.100.202602081740/tools/bin/../lib/gcc/arm-none-eabi/14.3.1/../../../../arm-none-eabi/lib/thumb/v7e-m+dp/hard\libc_nano.a(libc_a-reent.o)
                              C:/ST/STM32CubeIDE_2.1.1/STM32CubeIDE/plugins/com.st.stm32cube.ide.mcu.externaltools.gnu-tools-for-stm32.14.3.rel1.win32_1.0.100.202602081740/tools/bin/../lib/gcc/arm-none-eabi/14.3.1/../../../../arm-none-eabi/lib/thumb/v7e-m+dp/hard\libc_nano.a(libc_a-closer.o) (errno)
C:/ST/STM32CubeIDE_2.1.1/STM32CubeIDE/plugins/com.st.stm32cube.ide.mcu.externaltools.gnu-tools-for-stm32.14.3.rel1.win32_1.0.100.202602081740/tools/bin/../lib/gcc/arm-none-eabi/14.3.1/../../../../arm-none-eabi/lib/thumb/v7e-m+dp/hard\libc_nano.a(libc_a-impure.o)
                              C:/ST/STM32CubeIDE_2.1.1/STM32CubeIDE/plugins/com.st.stm32cube.ide.mcu.externaltools.gnu-tools-for-stm32.14.3.rel1.win32_1.0.100.202602081740/tools/bin/../lib/gcc/arm-none-eabi/14.3.1/../../../../arm-none-eabi/lib/thumb/v7e-m+dp/hard\libc_nano.a(libc_a-sprintf.o) (_impure_ptr)
[...]
Memory Configuration

Name             Origin             Length             Attributes
FLASH            0x08000000         0x00200000         xr
DTCMRAM          0x20000000         0x00020000         xrw
RAM_D1           0x24000000         0x00080000         xrw
RAM_D2           0x30000000         0x00048000         xrw
RAM_D3           0x38000000         0x00010000         xrw
ITCMRAM          0x00000000         0x00010000         xrw
*default*        0x00000000         0xffffffff

Linker script and memory map

LOAD C:/ST/STM32CubeIDE_2.1.1/STM32CubeIDE/plugins/com.st.stm32cube.ide.mcu.externaltools.gnu-tools-for-stm32.14.3.rel1.win32_1.0.100.202602081740/tools/bin/../lib/gcc/arm-none-eabi/14.3.1/thumb/v7e-m+dp/hard/crti.o
LOAD C:/ST/STM32CubeIDE_2.1.1/STM32CubeIDE/plugins/com.st.stm32cube.ide.mcu.externaltools.gnu-tools-for-stm32.14.3.rel1.win32_1.0.100.202602081740/tools/bin/../lib/gcc/arm-none-eabi/14.3.1/thumb/v7e-m+dp/hard/crtbegin.o
LOAD C:/ST/STM32CubeIDE_2.1.1/STM32CubeIDE/plugins/com.st.stm32cube.ide.mcu.externaltools.gnu-tools-for-stm32.14.3.rel1.win32_1.0.100.202602081740/tools/bin/../lib/gcc/arm-none-eabi/14.3.1/../../../../arm-none-eabi/lib/thumb/v7e-m+dp/hard/crt0.o
LOAD ./Core/Src/BeamSensorHandler.o
LOAD ./Core/Src/MotorDriver.o
LOAD ./Core/Src/SystemConfig.o
LOAD ./Core/Src/UserInterface.o
LOAD ./Core/Src/gpio.o
LOAD ./Core/Src/i2c.o
LOAD ./Core/Src/main.o
LOAD ./Core/Src/stm32h7xx_hal_msp.o
LOAD ./Core/Src/stm32h7xx_it.o
LOAD ./Core/Src/syscalls.o
LOAD ./Core/Src/sysmem.o
LOAD ./Core/Src/system_stm32h7xx.o
LOAD ./Core/Src/tim.o
LOAD ./Core/Startup/startup_stm32h753zitx.o
LOAD ./Drivers/BSP/STM32H7xx_Nucleo/stm32h7xx_nucleo.o
LOAD ./Drivers/STM32H7xx_HAL_Driver/Src/stm32h7xx_hal.o
LOAD ./Drivers/STM32H7xx_HAL_Driver/Src/stm32h7xx_hal_cortex.o
LOAD ./Drivers/STM32H7xx_HAL_Driver/Src/stm32h7xx_hal_dma.o
LOAD ./Drivers/STM32H7xx_HAL_Driver/Src/stm32h7xx_hal_dma_ex.o
LOAD ./Drivers/STM32H7xx_HAL_Driver/Src/stm32h7xx_hal_exti.o
LOAD ./Drivers/STM32H7xx_HAL_Driver/Src/stm32h7xx_hal_flash.o
LOAD ./Drivers/STM32H7xx_HAL_Driver/Src/stm32h7xx_hal_flash_ex.o
LOAD ./Drivers/STM32H7xx_HAL_Driver/Src/stm32h7xx_hal_gpio.o
LOAD ./Drivers/STM32H7xx_HAL_Driver/Src/stm32h7xx_hal_hsem.o
LOAD ./Drivers/STM32H7xx_HAL_Driver/Src/stm32h7xx_hal_i2c.o
LOAD ./Drivers/STM32H7xx_HAL_Driver/Src/stm32h7xx_hal_i2c_ex.o
LOAD ./Drivers/STM32H7xx_HAL_Driver/Src/stm32h7xx_hal_mdma.o
LOAD ./Drivers/STM32H7xx_HAL_Driver/Src/stm32h7xx_hal_pwr.o
LOAD ./Drivers/STM32H7xx_HAL_Driver/Src/stm32h7xx_hal_pwr_ex.o
LOAD ./Drivers/STM32H7xx_HAL_Driver/Src/stm32h7xx_hal_rcc.o
LOAD ./Drivers/STM32H7xx_HAL_Driver/Src/stm32h7xx_hal_rcc_ex.o
LOAD ./Drivers/STM32H7xx_HAL_Driver/Src/stm32h7xx_hal_tim.o
LOAD ./Drivers/STM32H7xx_HAL_Driver/Src/stm32h7xx_hal_tim_ex.o
LOAD ./Drivers/STM32H7xx_HAL_Driver/Src/stm32h7xx_hal_uart.o
LOAD ./Drivers/STM32H7xx_HAL_Driver/Src/stm32h7xx_hal_uart_ex.o
LOAD ./Drivers/STM32H7xx_HAL_Driver/Src/stm32h7xx_hal_usart.o
LOAD ./Drivers/STM32H7xx_HAL_Driver/Src/stm32h7xx_hal_usart_ex.o
START GROUP
LOAD C:/ST/STM32CubeIDE_2.1.1/STM32CubeIDE/plugins/com.st.stm32cube.ide.mcu.externaltools.gnu-tools-for-stm32.14.3.rel1.win32_1.0.100.202602081740/tools/bin/../lib/gcc/arm-none-eabi/14.3.1/../../../../arm-none-eabi/lib/thumb/v7e-m+dp/hard\libc_nano.a
LOAD C:/ST/STM32CubeIDE_2.1.1/STM32CubeIDE/plugins/com.st.stm32cube.ide.mcu.externaltools.gnu-tools-for-stm32.14.3.rel1.win32_1.0.100.202602081740/tools/bin/../lib/gcc/arm-none-eabi/14.3.1/../../../../arm-none-eabi/lib/thumb/v7e-m+dp/hard\libm.a
END GROUP
START GROUP
LOAD C:/ST/STM32CubeIDE_2.1.1/STM32CubeIDE/plugins/com.st.stm32cube.ide.mcu.externaltools.gnu-tools-for-stm32.14.3.rel1.win32_1.0.100.202602081740/tools/bin/../lib/gcc/arm-none-eabi/14.3.1/thumb/v7e-m+dp/hard\libgcc.a
LOAD C:/ST/STM32CubeIDE_2.1.1/STM32CubeIDE/plugins/com.st.stm32cube.ide.mcu.externaltools.gnu-tools-for-stm32.14.3.rel1.win32_1.0.100.202602081740/tools/bin/../lib/gcc/arm-none-eabi/14.3.1/../../../../arm-none-eabi/lib/thumb/v7e-m+dp/hard\libc_nano.a
END GROUP
START GROUP
LOAD C:/ST/STM32CubeIDE_2.1.1/STM32CubeIDE/plugins/com.st.stm32cube.ide.mcu.externaltools.gnu-tools-for-stm32.14.3.rel1.win32_1.0.100.202602081740/tools/bin/../lib/gcc/arm-none-eabi/14.3.1/thumb/v7e-m+dp/hard\libgcc.a
LOAD C:/ST/STM32CubeIDE_2.1.1/STM32CubeIDE/plugins/com.st.stm32cube.ide.mcu.externaltools.gnu-tools-for-stm32.14.3.rel1.win32_1.0.100.202602081740/tools/bin/../lib/gcc/arm-none-eabi/14.3.1/../../../../arm-none-eabi/lib/thumb/v7e-m+dp/hard\libc_nano.a
LOAD C:/ST/STM32CubeIDE_2.1.1/STM32CubeIDE/plugins/com.st.stm32cube.ide.mcu.externaltools.gnu-tools-for-stm32.14.3.rel1.win32_1.0.100.202602081740/tools/bin/../lib/gcc/arm-none-eabi/14.3.1/../../../../arm-none-eabi/lib/thumb/v7e-m+dp/hard\libnosys.a
END GROUP
START GROUP
LOAD C:/ST/STM32CubeIDE_2.1.1/STM32CubeIDE/plugins/com.st.stm32cube.ide.mcu.externaltools.gnu-tools-for-stm32.14.3.rel1.win32_1.0.100.202602081740/tools/bin/../lib/gcc/arm-none-eabi/14.3.1/thumb/v7e-m+dp/hard\libgcc.a
LOAD C:/ST/STM32CubeIDE_2.1.1/STM32CubeIDE/plugins/com.st.stm32cube.ide.mcu.externaltools.gnu-tools-for-stm32.14.3.rel1.win32_1.0.100.202602081740/tools/bin/../lib/gcc/arm-none-eabi/14.3.1/../../../../arm-none-eabi/lib/thumb/v7e-m+dp/hard\libc_nano.a
LOAD C:/ST/STM32CubeIDE_2.1.1/STM32CubeIDE/plugins/com.st.stm32cube.ide.mcu.externaltools.gnu-tools-for-stm32.14.3.rel1.win32_1.0.100.202602081740/tools/bin/../lib/gcc/arm-none-eabi/14.3.1/../../../../arm-none-eabi/lib/thumb/v7e-m+dp/hard\libnosys.a
END GROUP
LOAD C:/ST/STM32CubeIDE_2.1.1/STM32CubeIDE/plugins/com.st.stm32cube.ide.mcu.externaltools.gnu-tools-for-stm32.14.3.rel1.win32_1.0.100.202602081740/tools/bin/../lib/gcc/arm-none-eabi/14.3.1/thumb/v7e-m+dp/hard/crtend.o
LOAD C:/ST/STM32CubeIDE_2.1.1/STM32CubeIDE/plugins/com.st.stm32cube.ide.mcu.externaltools.gnu-tools-for-stm32.14.3.rel1.win32_1.0.100.202602081740/tools/bin/../lib/gcc/arm-none-eabi/14.3.1/thumb/v7e-m+dp/hard/crtn.o
                0x24080000                        _estack = (ORIGIN (RAM_D1) + LENGTH (RAM_D1))
                0x00000200                        _Min_Heap_Size = 0x200
                0x00000400                        _Min_Stack_Size = 0x400

.isr_vector     0x08000000      0x298
                0x08000000                        . = ALIGN (0x4)
 *(.isr_vector)
 .isr_vector    0x08000000      0x298 ./Core/Startup/startup_stm32h753zitx.o
                0x08000000                g_pfnVectors
                0x08000298                        . = ALIGN (0x4)

.text           0x080002a0     0x7704
                0x080002a0                        . = ALIGN (0x4)
 *(.text)
 .text          0x080002a0       0x40 C:/ST/STM32CubeIDE_2.1.1/STM32CubeIDE/plugins/com.st.stm32cube.ide.mcu.externaltools.gnu-tools-for-stm32.14.3.rel1.win32_1.0.100.202602081740/tools/bin/../lib/gcc/arm-none-eabi/14.3.1/thumb/v7e-m+dp/hard/crtbegin.o
 .text          0x080002e0       0x10 C:/ST/STM32CubeIDE_2.1.1/STM32CubeIDE/plugins/com.st.stm32cube.ide.mcu.externaltools.gnu-tools-for-stm32.14.3.rel1.win32_1.0.100.202602081740/tools/bin/../lib/gcc/arm-none-eabi/14.3.1/../../../../arm-none-eabi/lib/thumb/v7e-m+dp/hard\libc_nano.a(libc_a-strlen.o)
                0x080002e0                strlen
 .text          0x080002f0       0xa0 C:/ST/STM32CubeIDE_2.1.1/STM32CubeIDE/plugins/com.st.stm32cube.ide.mcu.externaltools.gnu-tools-for-stm32.14.3.rel1.win32_1.0.100.202602081740/tools/bin/../lib/gcc/arm-none-eabi/14.3.1/../../../../arm-none-eabi/lib/thumb/v7e-m+dp/hard\libc_nano.a(libc_a-memchr.o)
                0x080002f0                memchr
 .text          0x08000390       0x30 C:/ST/STM32CubeIDE_2.1.1/STM32CubeIDE/plugins/com.st.stm32cube.ide.mcu.externaltools.gnu-tools-for-stm32.14.3.rel1.win32_1.0.100.202602081740/tools/bin/../lib/gcc/arm-none-eabi/14.3.1/thumb/v7e-m+dp/hard\libgcc.a(_aeabi_uldivmod.o)
                0x08000390                __aeabi_uldivmod
 .text          0x080003c0      0x2f8 C:/ST/STM32CubeIDE_2.1.1/STM32CubeIDE/plugins/com.st.stm32cube.ide.mcu.externaltools.gnu-tools-for-stm32.14.3.rel1.win32_1.0.100.202602081740/tools/bin/../lib/gcc/arm-none-eabi/14.3.1/thumb/v7e-m+dp/hard\libgcc.a(_udivmoddi4.o)
                0x080003c0                __udivmoddi4
 .text          0x080006b8        0x4 C:/ST/STM32CubeIDE_2.1.1/STM32CubeIDE/plugins/com.st.stm32cube.ide.mcu.externaltools.gnu-tools-for-stm32.14.3.rel1.win32_1.0.100.202602081740/tools/bin/../lib/gcc/arm-none-eabi/14.3.1/thumb/v7e-m+dp/hard\libgcc.a(_dvmd_tls.o)
                0x080006b8                __aeabi_idiv0
                0x080006b8                __aeabi_ldiv0
 *(.text*)
 .text.Sensor_HandlePillDrop
                0x080006bc       0x44 ./Core/Src/BeamSensorHandler.o
                0x080006bc                Sensor_HandlePillDrop
 .text.Set_Motor_Pins
                0x08000700       0xa0 ./Core/Src/MotorDriver.o
 .text.Motor_Stop
                0x080007a0       0x44 ./Core/Src/MotorDriver.o
                0x080007a0                Motor_Stop
 .text.Motor_Init
                0x080007e4       0x24 ./Core/Src/MotorDriver.o
                0x080007e4                Motor_Init
 .text.Motor_Update
                0x08000808       0x70 ./Core/Src/MotorDriver.o
                0x08000808                Motor_Update
 .text.System_Init
                0x08000878       0x30 ./Core/Src/SystemConfig.o
                0x08000878                System_Init
 .text.System_ProcessState
                0x080008a8       0x6c ./Core/Src/SystemConfig.o
                0x080008a8                System_ProcessState
 .text.lcd_send_nibble
                0x08000914       0x4c ./Core/Src/UserInterface.o
 .text.lcd_send_cmd
                0x08000960       0x70 ./Core/Src/UserInterface.o
 .text.lcd_send_data
                0x080009d0       0x70 ./Core/Src/UserInterface.o
 .text.lcd_clear
                0x08000a40       0x14 ./Core/Src/UserInterface.o
 .text.lcd_set_cursor
                0x08000a54       0x3e ./Core/Src/UserInterface.o
 .text.lcd_send_string
                0x08000a92       0x2c ./Core/Src/UserInterface.o
 *fill*         0x08000abe        0x2 
 .text.UI_Init  0x08000ac0       0x88 ./Core/Src/UserInterface.o
                0x08000ac0                UI_Init
 .text.UI_HandleButtonPress
                0x08000b48       0x94 ./Core/Src/UserInterface.o
                0x08000b48                UI_HandleButtonPress
 .text.UI_Update
                0x08000bdc      0x250 ./Core/Src/UserInterface.o
                0x08000bdc                UI_Update
 .text.MX_GPIO_Init
                0x08000e2c      0x1d4 ./Core/Src/gpio.o
                0x08000e2c                MX_GPIO_Init
 .text.MX_I2C1_Init
                0x08001000       0x80 ./Core/Src/i2c.o
                0x08001000                MX_I2C1_Init
 .text.HAL_I2C_MspInit
                0x08001080       0xd4 ./Core/Src/i2c.o
                0x08001080                HAL_I2C_MspInit
 .text.main     0x08001154       0xc0 ./Core/Src/main.o
                0x08001154                main
 .text.SystemClock_Config
                0x08001214       0xfc ./Core/Src/main.o
                0x08001214                SystemClock_Config
 .text.HAL_GPIO_EXTI_Callback
                0x08001310       0x2a ./Core/Src/main.o
                0x08001310                HAL_GPIO_EXTI_Callback
 .text.Error_Handler
                0x0800133a       0x12 ./Core/Src/main.o
                0x0800133a                Error_Handler
 .text.HAL_MspInit
                0x0800134c       0x34 ./Core/Src/stm32h7xx_hal_msp.o
                0x0800134c                HAL_MspInit
 .text.NMI_Handler
                0x08001380        0x8 ./Core/Src/stm32h7xx_it.o
                0x08001380                NMI_Handler
 .text.HardFault_Handler
                0x08001388        0x8 ./Core/Src/stm32h7xx_it.o
                0x08001388                HardFault_Handler
 .text.MemManage_Handler
                0x08001390        0x8 ./Core/Src/stm32h7xx_it.o
                0x08001390                MemManage_Handler
 .text.BusFault_Handler
                0x08001398        0x8 ./Core/Src/stm32h7xx_it.o
                0x08001398                BusFault_Handler
 .text.UsageFault_Handler
                0x080013a0        0x8 ./Core/Src/stm32h7xx_it.o
                0x080013a0                UsageFault_Handler
 .text.SVC_Handler
                0x080013a8        0xe ./Core/Src/stm32h7xx_it.o
                0x080013a8                SVC_Handler
 .text.DebugMon_Handler
                0x080013b6        0xe ./Core/Src/stm32h7xx_it.o
                0x080013b6                DebugMon_Handler
 .text.PendSV_Handler
                0x080013c4        0xe ./Core/Src/stm32h7xx_it.o
                0x080013c4                PendSV_Handler
 .text.SysTick_Handler
                0x080013d2        0xc ./Core/Src/stm32h7xx_it.o
                0x080013d2                SysTick_Handler
 .text.EXTI9_5_IRQHandler
                0x080013de        0xe ./Core/Src/stm32h7xx_it.o
                0x080013de                EXTI9_5_IRQHandler
 .text.EXTI15_10_IRQHandler
                0x080013ec       0x16 ./Core/Src/stm32h7xx_it.o
                0x080013ec                EXTI15_10_IRQHandler
 *fill*         0x08001402        0x2 
 .text._sbrk    0x08001404       0x6c ./Core/Src/sysmem.o
                0x08001404                _sbrk
 .text.SystemInit
                0x08001470      0x140 ./Core/Src/system_stm32h7xx.o
                0x08001470                SystemInit
 .text.ExitRun0Mode
                0x080015b0       0x18 ./Core/Src/system_stm32h7xx.o
                0x080015b0                ExitRun0Mode
 .text.MX_TIM3_Init
                0x080015c8       0xac ./Core/Src/tim.o
                0x080015c8                MX_TIM3_Init
 .text.HAL_TIM_Encoder_MspInit
                0x08001674       0xd4 ./Core/Src/tim.o
                0x08001674                HAL_TIM_Encoder_MspInit
 .text.Reset_Handler
                0x08001748       0x54 ./Core/Startup/startup_stm32h753zitx.o
                0x08001748                Reset_Handler
 .text.Default_Handler
                0x0800179c        0x2 ./Core/Startup/startup_stm32h753zitx.o
                0x0800179c                RTC_Alarm_IRQHandler
                0x0800179c                HASH_RNG_IRQHandler
                0x0800179c                EXTI2_IRQHandler
                0x0800179c                TIM8_CC_IRQHandler
                0x0800179c                HRTIM1_Master_IRQHandler
                0x0800179c                UART8_IRQHandler
                0x0800179c                SPI4_IRQHandler
                0x0800179c                TIM1_CC_IRQHandler
                0x0800179c                BDMA_Channel6_IRQHandler
                0x0800179c                DMA2_Stream5_IRQHandler
                0x0800179c                HRTIM1_FLT_IRQHandler
                0x0800179c                JPEG_IRQHandler
                0x0800179c                DMA1_Stream5_IRQHandler
                0x0800179c                BDMA_Channel1_IRQHandler
                0x0800179c                HRTIM1_TIMD_IRQHandler
                0x0800179c                TAMP_STAMP_IRQHandler
                0x0800179c                EXTI3_IRQHandler
                0x0800179c                LPTIM4_IRQHandler
                0x0800179c                TIM8_TRG_COM_TIM14_IRQHandler
                0x0800179c                LPTIM2_IRQHandler
                0x0800179c                DFSDM1_FLT1_IRQHandler
                0x0800179c                DMAMUX2_OVR_IRQHandler
                0x0800179c                TIM8_UP_TIM13_IRQHandler
                0x0800179c                I2C3_ER_IRQHandler
                0x0800179c                DFSDM1_FLT2_IRQHandler
                0x0800179c                MDMA_IRQHandler
                0x0800179c                LPTIM3_IRQHandler
                0x0800179c                HSEM1_IRQHandler
                0x0800179c                EXTI0_IRQHandler
                0x0800179c                I2C2_EV_IRQHandler
                0x0800179c                DMA1_Stream2_IRQHandler
                0x0800179c                FPU_IRQHandler
                0x0800179c                OTG_HS_WKUP_IRQHandler
                0x0800179c                FDCAN1_IT1_IRQHandler
                0x0800179c                LTDC_ER_IRQHandler
                0x0800179c                DMA2_Stream2_IRQHandler
                0x0800179c                HRTIM1_TIME_IRQHandler
                0x0800179c                SPI1_IRQHandler
                0x0800179c                TIM6_DAC_IRQHandler
                0x0800179c                DCMI_IRQHandler
                0x0800179c                HRTIM1_TIMC_IRQHandler
                0x0800179c                DMA2_Stream3_IRQHandler
                0x0800179c                SAI2_IRQHandler
                0x0800179c                DFSDM1_FLT3_IRQHandler
                0x0800179c                USART6_IRQHandler
                0x0800179c                TIM17_IRQHandler
                0x0800179c                USART3_IRQHandler
                0x0800179c                BDMA_Channel7_IRQHandler
                0x0800179c                CRYP_IRQHandler
                0x0800179c                LPTIM5_IRQHandler
                0x0800179c                UART5_IRQHandler
                0x0800179c                ADC3_IRQHandler
                0x0800179c                DMA2_Stream0_IRQHandler
                0x0800179c                TIM4_IRQHandler
                0x0800179c                BDMA_Channel2_IRQHandler
                0x0800179c                QUADSPI_IRQHandler
                0x0800179c                I2C1_EV_IRQHandler
                0x0800179c                DMA1_Stream6_IRQHandler
                0x0800179c                DMAMUX1_OVR_IRQHandler
                0x0800179c                DMA1_Stream1_IRQHandler
                0x0800179c                TIM16_IRQHandler
                0x0800179c                UART4_IRQHandler
                0x0800179c                BDMA_Channel5_IRQHandler
                0x0800179c                TIM3_IRQHandler
                0x0800179c                RCC_IRQHandler
                0x0800179c                TIM8_BRK_TIM12_IRQHandler
                0x0800179c                TIM1_TRG_COM_IRQHandler
                0x0800179c                Default_Handler
                0x0800179c                ECC_IRQHandler
                0x0800179c                CEC_IRQHandler
                0x0800179c                BDMA_Channel0_IRQHandler
                0x0800179c                ADC_IRQHandler
                0x0800179c                DMA1_Stream7_IRQHandler
                0x0800179c                HRTIM1_TIMA_IRQHandler
                0x0800179c                SPI5_IRQHandler
                0x0800179c                TIM7_IRQHandler
                0x0800179c                SDMMC1_IRQHandler
                0x0800179c                TIM5_IRQHandler
                0x0800179c                DMA2_Stream7_IRQHandler
                0x0800179c                TIM15_IRQHandler
                0x0800179c                PVD_AVD_IRQHandler
                0x0800179c                I2C3_EV_IRQHandler
                0x0800179c                RTC_WKUP_IRQHandler
                0x0800179c                LTDC_IRQHandler
                0x0800179c                SAI3_IRQHandler
                0x0800179c                ETH_WKUP_IRQHandler
                0x0800179c                SPDIF_RX_IRQHandler
                0x0800179c                SPI2_IRQHandler
                0x0800179c                OTG_HS_EP1_IN_IRQHandler
                0x0800179c                DMA1_Stream0_IRQHandler
                0x0800179c                CRS_IRQHandler
                0x0800179c                EXTI4_IRQHandler
                0x0800179c                HRTIM1_TIMB_IRQHandler
                0x0800179c                FDCAN2_IT1_IRQHandler
                0x0800179c                ETH_IRQHandler
                0x0800179c                TIM1_UP_IRQHandler
                0x0800179c                BDMA_Channel4_IRQHandler
                0x0800179c                OTG_HS_EP1_OUT_IRQHandler
                0x0800179c                WWDG_IRQHandler
                0x0800179c                SPI6_IRQHandler
                0x0800179c                MDIOS_IRQHandler
                0x0800179c                I2C4_EV_IRQHandler
                0x0800179c                FDCAN2_IT0_IRQHandler
                0x0800179c                LPUART1_IRQHandler
                0x0800179c                FDCAN1_IT0_IRQHandler
                0x0800179c                TIM2_IRQHandler
                0x0800179c                OTG_FS_WKUP_IRQHandler
                0x0800179c                OTG_HS_IRQHandler
                0x0800179c                DMA2D_IRQHandler
                0x0800179c                TIM1_BRK_IRQHandler
                0x0800179c                EXTI1_IRQHandler
                0x0800179c                SDMMC2_IRQHandler
                0x0800179c                OTG_FS_EP1_OUT_IRQHandler
                0x0800179c                BDMA_Channel3_IRQHandler
                0x0800179c                UART7_IRQHandler
                0x0800179c                MDIOS_WKUP_IRQHandler
                0x0800179c                USART2_IRQHandler
                0x0800179c                DFSDM1_FLT0_IRQHandler
                0x0800179c                SAI4_IRQHandler
                0x0800179c                I2C2_ER_IRQHandler
                0x0800179c                DMA2_Stream1_IRQHandler
                0x0800179c                FLASH_IRQHandler
                0x0800179c                DMA2_Stream4_IRQHandler
                0x0800179c                USART1_IRQHandler
                0x0800179c                OTG_FS_IRQHandler
                0x0800179c                SPI3_IRQHandler
                0x0800179c                WAKEUP_PIN_IRQHandler
                0x0800179c                DMA1_Stream4_IRQHandler
                0x0800179c                OTG_FS_EP1_IN_IRQHandler
                0x0800179c                I2C1_ER_IRQHandler
                0x0800179c                FMC_IRQHandler
                0x0800179c                FDCAN_CAL_IRQHandler
                0x0800179c                SWPMI1_IRQHandler
                0x0800179c                COMP1_IRQHandler
                0x0800179c                LPTIM1_IRQHandler
                0x0800179c                I2C4_ER_IRQHandler
                0x0800179c                DMA2_Stream6_IRQHandler
                0x0800179c                SAI1_IRQHandler
                0x0800179c                DMA1_Stream3_IRQHandler
 *fill*         0x0800179e        0x2 
 .text.BSP_LED_Init
                0x080017a0       0xec ./Drivers/BSP/STM32H7xx_Nucleo/stm32h7xx_nucleo.o
                0x080017a0                BSP_LED_Init
 .text.BSP_LED_On
                0x0800188c       0x54 ./Drivers/BSP/STM32H7xx_Nucleo/stm32h7xx_nucleo.o
                0x0800188c                BSP_LED_On
 .text.BSP_LED_Off
                0x080018e0       0x54 ./Drivers/BSP/STM32H7xx_Nucleo/stm32h7xx_nucleo.o
                0x080018e0                BSP_LED_Off
 .text.BSP_PB_Init
                0x08001934       0xe4 ./Drivers/BSP/STM32H7xx_Nucleo/stm32h7xx_nucleo.o
                0x08001934                BSP_PB_Init
 .text.BSP_PB_IRQHandler
                0x08001a18       0x24 ./Drivers/BSP/STM32H7xx_Nucleo/stm32h7xx_nucleo.o
                0x08001a18                BSP_PB_IRQHandler
 .text.BSP_PB_Callback
                0x08001a3c       0x16 ./Drivers/BSP/STM32H7xx_Nucleo/stm32h7xx_nucleo.o
                0x08001a3c                BSP_PB_Callback
 *fill*         0x08001a52        0x2 
 .text.BSP_COM_Init
                0x08001a54       0x60 ./Drivers/BSP/STM32H7xx_Nucleo/stm32h7xx_nucleo.o
                0x08001a54                BSP_COM_Init
 .text.MX_USART3_Init
                0x08001ab4       0x64 ./Drivers/BSP/STM32H7xx_Nucleo/stm32h7xx_nucleo.o
                0x08001ab4                MX_USART3_Init
 .text.BUTTON_USER_EXTI_Callback
                0x08001b18        0xe ./Drivers/BSP/STM32H7xx_Nucleo/stm32h7xx_nucleo.o
 *fill*         0x08001b26        0x2 
 .text.COM1_MspInit
                0x08001b28       0xb0 ./Drivers/BSP/STM32H7xx_Nucleo/stm32h7xx_nucleo.o
 .text.HAL_Init
                0x08001bd8       0x78 ./Drivers/STM32H7xx_HAL_Driver/Src/stm32h7xx_hal.o
                0x08001bd8                HAL_Init
 .text.HAL_InitTick
                0x08001c50       0x6c ./Drivers/STM32H7xx_HAL_Driver/Src/stm32h7xx_hal.o
                0x08001c50                HAL_InitTick
 .text.HAL_IncTick
                0x08001cbc       0x28 ./Drivers/STM32H7xx_HAL_Driver/Src/stm32h7xx_hal.o
                0x08001cbc                HAL_IncTick
 .text.HAL_GetTick
                0x08001ce4       0x18 ./Drivers/STM32H7xx_HAL_Driver/Src/stm32h7xx_hal.o
                0x08001ce4                HAL_GetTick
 .text.HAL_Delay
                0x08001cfc       0x48 ./Drivers/STM32H7xx_HAL_Driver/Src/stm32h7xx_hal.o
                0x08001cfc                HAL_Delay
 .text.HAL_GetREVID
                0x08001d44       0x18 ./Drivers/STM32H7xx_HAL_Driver/Src/stm32h7xx_hal.o
                0x08001d44                HAL_GetREVID
 .text.__NVIC_SetPriorityGrouping
                0x08001d5c       0x48 ./Drivers/STM32H7xx_HAL_Driver/Src/stm32h7xx_hal_cortex.o
 .text.__NVIC_GetPriorityGrouping
                0x08001da4       0x1c ./Drivers/STM32H7xx_HAL_Driver/Src/stm32h7xx_hal_cortex.o
 .text.__NVIC_EnableIRQ
                0x08001dc0       0x3c ./Drivers/STM32H7xx_HAL_Driver/Src/stm32h7xx_hal_cortex.o
 .text.__NVIC_SetPriority
                0x08001dfc       0x54 ./Drivers/STM32H7xx_HAL_Driver/Src/stm32h7xx_hal_cortex.o
 .text.NVIC_EncodePriority
                0x08001e50       0x66 ./Drivers/STM32H7xx_HAL_Driver/Src/stm32h7xx_hal_cortex.o
 *fill*         0x08001eb6        0x2 
 .text.SysTick_Config
                0x08001eb8       0x44 ./Drivers/STM32H7xx_HAL_Driver/Src/stm32h7xx_hal_cortex.o
 .text.HAL_NVIC_SetPriorityGrouping
                0x08001efc       0x16 ./Drivers/STM32H7xx_HAL_Driver/Src/stm32h7xx_hal_cortex.o
                0x08001efc                HAL_NVIC_SetPriorityGrouping
 .text.HAL_NVIC_SetPriority
                0x08001f12       0x34 ./Drivers/STM32H7xx_HAL_Driver/Src/stm32h7xx_hal_cortex.o
                0x08001f12                HAL_NVIC_SetPriority
 .text.HAL_NVIC_EnableIRQ
                0x08001f46       0x1c ./Drivers/STM32H7xx_HAL_Driver/Src/stm32h7xx_hal_cortex.o
                0x08001f46                HAL_NVIC_EnableIRQ
 .text.HAL_SYSTICK_Config
                0x08001f62       0x18 ./Drivers/STM32H7xx_HAL_Driver/Src/stm32h7xx_hal_cortex.o
                0x08001f62                HAL_SYSTICK_Config
 .text.HAL_EXTI_RegisterCallback
                0x08001f7a       0x3e ./Drivers/STM32H7xx_HAL_Driver/Src/stm32h7xx_hal_exti.o
                0x08001f7a                HAL_EXTI_RegisterCallback
 .text.HAL_EXTI_GetHandle
                0x08001fb8       0x28 ./Drivers/STM32H7xx_HAL_Driver/Src/stm32h7xx_hal_exti.o
                0x08001fb8                HAL_EXTI_GetHandle
 .text.HAL_EXTI_IRQHandler
                0x08001fe0       0x60 ./Drivers/STM32H7xx_HAL_Driver/Src/stm32h7xx_hal_exti.o
                0x08001fe0                HAL_EXTI_IRQHandler
 .text.HAL_GPIO_Init
                0x08002040      0x374 ./Drivers/STM32H7xx_HAL_Driver/Src/stm32h7xx_hal_gpio.o
                0x08002040                HAL_GPIO_Init
 .text.HAL_GPIO_WritePin
                0x080023b4       0x32 ./Drivers/STM32H7xx_HAL_Driver/Src/stm32h7xx_hal_gpio.o
                0x080023b4                HAL_GPIO_WritePin
 .text.HAL_GPIO_EXTI_IRQHandler
                0x080023e6       0x34 ./Drivers/STM32H7xx_HAL_Driver/Src/stm32h7xx_hal_gpio.o
                0x080023e6                HAL_GPIO_EXTI_IRQHandler
 *fill*         0x0800241a        0x2 
 .text.HAL_I2C_Init
                0x0800241c      0x138 ./Drivers/STM32H7xx_HAL_Driver/Src/stm32h7xx_hal_i2c.o
                0x0800241c                HAL_I2C_Init
 .text.HAL_I2C_Master_Transmit
                0x08002554      0x230 ./Drivers/STM32H7xx_HAL_Driver/Src/stm32h7xx_hal_i2c.o
                0x08002554                HAL_I2C_Master_Transmit
 .text.HAL_I2C_IsDeviceReady
                0x08002784      0x1e8 ./Drivers/STM32H7xx_HAL_Driver/Src/stm32h7xx_hal_i2c.o
                0x08002784                HAL_I2C_IsDeviceReady
 .text.I2C_Flush_TXDR
                0x0800296c       0x48 ./Drivers/STM32H7xx_HAL_Driver/Src/stm32h7xx_hal_i2c.o
 .text.I2C_WaitOnFlagUntilTimeout
                0x080029b4       0xb2 ./Drivers/STM32H7xx_HAL_Driver/Src/stm32h7xx_hal_i2c.o
 .text.I2C_WaitOnTXISFlagUntilTimeout
                0x08002a66       0x8e ./Drivers/STM32H7xx_HAL_Driver/Src/stm32h7xx_hal_i2c.o
 .text.I2C_WaitOnSTOPFlagUntilTimeout
                0x08002af4       0x86 ./Drivers/STM32H7xx_HAL_Driver/Src/stm32h7xx_hal_i2c.o
 *fill*         0x08002b7a        0x2 
 .text.I2C_IsErrorOccurred
                0x08002b7c      0x1c0 ./Drivers/STM32H7xx_HAL_Driver/Src/stm32h7xx_hal_i2c.o
 .text.I2C_TransferConfig
                0x08002d3c       0x64 ./Drivers/STM32H7xx_HAL_Driver/Src/stm32h7xx_hal_i2c.o
 .text.HAL_I2CEx_ConfigAnalogFilter
                0x08002da0       0x96 ./Drivers/STM32H7xx_HAL_Driver/Src/stm32h7xx_hal_i2c_ex.o
                0x08002da0                HAL_I2CEx_ConfigAnalogFilter
 .text.HAL_I2CEx_ConfigDigitalFilter
                0x08002e36       0x98 ./Drivers/STM32H7xx_HAL_Driver/Src/stm32h7xx_hal_i2c_ex.o
                0x08002e36                HAL_I2CEx_ConfigDigitalFilter
 *fill*         0x08002ece        0x2 
 .text.HAL_PWREx_ConfigSupply
                0x08002ed0       0x74 ./Drivers/STM32H7xx_HAL_Driver/Src/stm32h7xx_hal_pwr_ex.o
                0x08002ed0                HAL_PWREx_ConfigSupply
 .text.HAL_RCC_OscConfig
                0x08002f44      0x8b4 ./Drivers/STM32H7xx_HAL_Driver/Src/stm32h7xx_hal_rcc.o
                0x08002f44                HAL_RCC_OscConfig
 .text.HAL_RCC_ClockConfig
                0x080037f8      0x36c ./Drivers/STM32H7xx_HAL_Driver/Src/stm32h7xx_hal_rcc.o
                0x080037f8                HAL_RCC_ClockConfig
 .text.HAL_RCC_GetSysClockFreq
                0x08003b64      0x2f4 ./Drivers/STM32H7xx_HAL_Driver/Src/stm32h7xx_hal_rcc.o
                0x08003b64                HAL_RCC_GetSysClockFreq
 .text.HAL_RCC_GetHCLKFreq
                0x08003e58       0x60 ./Drivers/STM32H7xx_HAL_Driver/Src/stm32h7xx_hal_rcc.o
                0x08003e58                HAL_RCC_GetHCLKFreq
 .text.HAL_RCC_GetPCLK1Freq
                0x08003eb8       0x2c ./Drivers/STM32H7xx_HAL_Driver/Src/stm32h7xx_hal_rcc.o
                0x08003eb8                HAL_RCC_GetPCLK1Freq
 .text.HAL_RCC_GetPCLK2Freq
                0x08003ee4       0x2c ./Drivers/STM32H7xx_HAL_Driver/Src/stm32h7xx_hal_rcc.o
                0x08003ee4                HAL_RCC_GetPCLK2Freq
 .text.HAL_RCCEx_PeriphCLKConfig
                0x08003f10     0x1414 ./Drivers/STM32H7xx_HAL_Driver/Src/stm32h7xx_hal_rcc_ex.o
                0x08003f10                HAL_RCCEx_PeriphCLKConfig
 .text.HAL_RCCEx_GetD3PCLK1Freq
                0x08005324       0x2c ./Drivers/STM32H7xx_HAL_Driver/Src/stm32h7xx_hal_rcc_ex.o
                0x08005324                HAL_RCCEx_GetD3PCLK1Freq
 .text.HAL_RCCEx_GetPLL2ClockFreq
                0x08005350      0x2a8 ./Drivers/STM32H7xx_HAL_Driver/Src/stm32h7xx_hal_rcc_ex.o
                0x08005350                HAL_RCCEx_GetPLL2ClockFreq
 .text.HAL_RCCEx_GetPLL3ClockFreq
                0x080055f8      0x2a8 ./Drivers/STM32H7xx_HAL_Driver/Src/stm32h7xx_hal_rcc_ex.o
                0x080055f8                HAL_RCCEx_GetPLL3ClockFreq
 .text.RCCEx_PLL2_Config
                0x080058a0      0x164 ./Drivers/STM32H7xx_HAL_Driver/Src/stm32h7xx_hal_rcc_ex.o
 .text.RCCEx_PLL3_Config
                0x08005a04      0x164 ./Drivers/STM32H7xx_HAL_Driver/Src/stm32h7xx_hal_rcc_ex.o
 .text.HAL_TIM_Encoder_Init
                0x08005b68      0x14c ./Drivers/STM32H7xx_HAL_Driver/Src/stm32h7xx_hal_tim.o
                0x08005b68                HAL_TIM_Encoder_Init
 .text.HAL_TIM_Encoder_Start
                0x08005cb4      0x11c ./Drivers/STM32H7xx_HAL_Driver/Src/stm32h7xx_hal_tim.o
                0x08005cb4                HAL_TIM_Encoder_Start
 .text.TIM_Base_SetConfig
                0x08005dd0      0x140 ./Drivers/STM32H7xx_HAL_Driver/Src/stm32h7xx_hal_tim.o
                0x08005dd0                TIM_Base_SetConfig
 .text.TIM_CCxChannelCmd
                0x08005f10       0x4a ./Drivers/STM32H7xx_HAL_Driver/Src/stm32h7xx_hal_tim.o
                0x08005f10                TIM_CCxChannelCmd
 *fill*         0x08005f5a        0x2 
 .text.HAL_TIMEx_MasterConfigSynchronization
                0x08005f5c      0x11c ./Drivers/STM32H7xx_HAL_Driver/Src/stm32h7xx_hal_tim_ex.o
                0x08005f5c                HAL_TIMEx_MasterConfigSynchronization
 .text.HAL_UART_Init
                0x08006078       0xa0 ./Drivers/STM32H7xx_HAL_Driver/Src/stm32h7xx_hal_uart.o
                0x08006078                HAL_UART_Init
 .text.HAL_UART_MspInit
                0x08006118       0x14 ./Drivers/STM32H7xx_HAL_Driver/Src/stm32h7xx_hal_uart.o
                0x08006118                HAL_UART_MspInit
 .text.UART_SetConfig
                0x0800612c      0xad0 ./Drivers/STM32H7xx_HAL_Driver/Src/stm32h7xx_hal_uart.o
                0x0800612c                UART_SetConfig
 .text.UART_AdvFeatureConfig
                0x08006bfc      0x144 ./Drivers/STM32H7xx_HAL_Driver/Src/stm32h7xx_hal_uart.o
                0x08006bfc                UART_AdvFeatureConfig
 .text.UART_CheckIdleState
                0x08006d40      0x154 ./Drivers/STM32H7xx_HAL_Driver/Src/stm32h7xx_hal_uart.o
                0x08006d40                UART_CheckIdleState
 .text.UART_WaitOnFlagUntilTimeout
                0x08006e94       0xda ./Drivers/STM32H7xx_HAL_Driver/Src/stm32h7xx_hal_uart.o
                0x08006e94                UART_WaitOnFlagUntilTimeout
 *fill*         0x08006f6e        0x2 
 .text.UART_EndRxTransfer
                0x08006f70       0xcc ./Drivers/STM32H7xx_HAL_Driver/Src/stm32h7xx_hal_uart.o
 .text.sprintf  0x0800703c       0x44 C:/ST/STM32CubeIDE_2.1.1/STM32CubeIDE/plugins/com.st.stm32cube.ide.mcu.externaltools.gnu-tools-for-stm32.14.3.rel1.win32_1.0.100.202602081740/tools/bin/../lib/gcc/arm-none-eabi/14.3.1/../../../../arm-none-eabi/lib/thumb/v7e-m+dp/hard\libc_nano.a(libc_a-sprintf.o)
                0x0800703c                siprintf
                0x0800703c                sprintf
 .text.memset   0x08007080       0x10 C:/ST/STM32CubeIDE_2.1.1/STM32CubeIDE/plugins/com.st.stm32cube.ide.mcu.externaltools.gnu-tools-for-stm32.14.3.rel1.win32_1.0.100.202602081740/tools/bin/../lib/gcc/arm-none-eabi/14.3.1/../../../../arm-none-eabi/lib/thumb/v7e-m+dp/hard\libc_nano.a(libc_a-memset.o)
                0x08007080                memset
 .text.__errno  0x08007090        0xc C:/ST/STM32CubeIDE_2.1.1/STM32CubeIDE/plugins/com.st.stm32cube.ide.mcu.externaltools.gnu-tools-for-stm32.14.3.rel1.win32_1.0.100.202602081740/tools/bin/../lib/gcc/arm-none-eabi/14.3.1/../../../../arm-none-eabi/lib/thumb/v7e-m+dp/hard\libc_nano.a(libc_a-errno.o)
                0x08007090                __errno
 .text.__libc_init_array
                0x0800709c       0x48 C:/ST/STM32CubeIDE_2.1.1/STM32CubeIDE/plugins/com.st.stm32cube.ide.mcu.externaltools.gnu-tools-for-stm32.14.3.rel1.win32_1.0.100.202602081740/tools/bin/../lib/gcc/arm-none-eabi/14.3.1/../../../../arm-none-eabi/lib/thumb/v7e-m+dp/hard\libc_nano.a(libc_a-init.o)
                0x0800709c                __libc_init_array
 .text.__retarget_lock_acquire_recursive
                0x080070e4        0x2 C:/ST/STM32CubeIDE_2.1.1/STM32CubeIDE/plugins/com.st.stm32cube.ide.mcu.externaltools.gnu-tools-for-stm32.14.3.rel1.win32_1.0.100.202602081740/tools/bin/../lib/gcc/arm-none-eabi/14.3.1/../../../../arm-none-eabi/lib/thumb/v7e-m+dp/hard\libc_nano.a(libc_a-lock.o)
                0x080070e4                __retarget_lock_acquire_recursive
 .text.__retarget_lock_release_recursive
                0x080070e6        0x2 C:/ST/STM32CubeIDE_2.1.1/STM32CubeIDE/plugins/com.st.stm32cube.ide.mcu.externaltools.gnu-tools-for-stm32.14.3.rel1.win32_1.0.100.202602081740/tools/bin/../lib/gcc/arm-none-eabi/14.3.1/../../../../arm-none-eabi/lib/thumb/v7e-m+dp/hard\libc_nano.a(libc_a-lock.o)
                0x080070e6                __retarget_lock_release_recursive
 .text._free_r  0x080070e8       0x94 C:/ST/STM32CubeIDE_2.1.1/STM32CubeIDE/plugins/com.st.stm32cube.ide.mcu.externaltools.gnu-tools-for-stm32.14.3.rel1.win32_1.0.100.202602081740/tools/bin/../lib/gcc/arm-none-eabi/14.3.1/../../../../arm-none-eabi/lib/thumb/v7e-m+dp/hard\libc_nano.a(libc_a-freer.o)
                0x080070e8                _free_r
 .text.sbrk_aligned
                0x0800717c       0x44 C:/ST/STM32CubeIDE_2.1.1/STM32CubeIDE/plugins/com.st.stm32cube.ide.mcu.externaltools.gnu-tools-for-stm32.14.3.rel1.win32_1.0.100.202602081740/tools/bin/../lib/gcc/arm-none-eabi/14.3.1/../../../../arm-none-eabi/lib/thumb/v7e-m+dp/hard\libc_nano.a(libc_a-mallocr.o)
 .text._malloc_r
                0x080071c0      0x100 C:/ST/STM32CubeIDE_2.1.1/STM32CubeIDE/plugins/com.st.stm32cube.ide.mcu.externaltools.gnu-tools-for-stm32.14.3.rel1.win32_1.0.100.202602081740/tools/bin/../lib/gcc/arm-none-eabi/14.3.1/../../../../arm-none-eabi/lib/thumb/v7e-m+dp/hard\libc_nano.a(libc_a-mallocr.o)
                0x080071c0                _malloc_r
 .text.__malloc_lock
                0x080072c0        0xc C:/ST/STM32CubeIDE_2.1.1/STM32CubeIDE/plugins/com.st.stm32cube.ide.mcu.externaltools.gnu-tools-for-stm32.14.3.rel1.win32_1.0.100.202602081740/tools/bin/../lib/gcc/arm-none-eabi/14.3.1/../../../../arm-none-eabi/lib/thumb/v7e-m+dp/hard\libc_nano.a(libc_a-mlock.o)
                0x080072c0                __malloc_lock
 .text.__malloc_unlock
                0x080072cc        0xc C:/ST/STM32CubeIDE_2.1.1/STM32CubeIDE/plugins/com.st.stm32cube.ide.mcu.externaltools.gnu-tools-for-stm32.14.3.rel1.win32_1.0.100.202602081740/tools/bin/../lib/gcc/arm-none-eabi/14.3.1/../../../../arm-none-eabi/lib/thumb/v7e-m+dp/hard\libc_nano.a(libc_a-mlock.o)
                0x080072cc                __malloc_unlock
 .text.__ssputs_r
                0x080072d8       0xc0 C:/ST/STM32CubeIDE_2.1.1/STM32CubeIDE/plugins/com.st.stm32cube.ide.mcu.externaltools.gnu-tools-for-stm32.14.3.rel1.win32_1.0.100.202602081740/tools/bin/../lib/gcc/arm-none-eabi/14.3.1/../../../../arm-none-eabi/lib/thumb/v7e-m+dp/hard\libc_nano.a(libc_a-nano-svfprintf.o)
                0x080072d8                __ssputs_r
 .text._svfprintf_r
                0x08007398      0x1f0 C:/ST/STM32CubeIDE_2.1.1/STM32CubeIDE/plugins/com.st.stm32cube.ide.mcu.externaltools.gnu-tools-for-stm32.14.3.rel1.win32_1.0.100.202602081740/tools/bin/../lib/gcc/arm-none-eabi/14.3.1/../../../../arm-none-eabi/lib/thumb/v7e-m+dp/hard\libc_nano.a(libc_a-nano-svfprintf.o)
                0x08007398                _svfiprintf_r
                0x08007398                _svfprintf_r
 .text._printf_common
                0x08007588       0xda C:/ST/STM32CubeIDE_2.1.1/STM32CubeIDE/plugins/com.st.stm32cube.ide.mcu.externaltools.gnu-tools-for-stm32.14.3.rel1.win32_1.0.100.202602081740/tools/bin/../lib/gcc/arm-none-eabi/14.3.1/../../../../arm-none-eabi/lib/thumb/v7e-m+dp/hard\libc_nano.a(libc_a-nano-vfprintf_i.o)
                0x08007588                _printf_common
 *fill*         0x08007662        0x2 
 .text._printf_i
                0x08007664      0x24c C:/ST/STM32CubeIDE_2.1.1/STM32CubeIDE/plugins/com.st.stm32cube.ide.mcu.externaltools.gnu-tools-for-stm32.14.3.rel1.win32_1.0.100.202602081740/tools/bin/../lib/gcc/arm-none-eabi/14.3.1/../../../../arm-none-eabi/lib/thumb/v7e-m+dp/hard\libc_nano.a(libc_a-nano-vfprintf_i.o)
                0x08007664                _printf_i
 .text.memmove  0x080078b0       0x32 C:/ST/STM32CubeIDE_2.1.1/STM32CubeIDE/plugins/com.st.stm32cube.ide.mcu.externaltools.gnu-tools-for-stm32.14.3.rel1.win32_1.0.100.202602081740/tools/bin/../lib/gcc/arm-none-eabi/14.3.1/../../../../arm-none-eabi/lib/thumb/v7e-m+dp/hard\libc_nano.a(libc_a-memmove.o)
                0x080078b0                memmove
 *fill*         0x080078e2        0x2 
 .text._sbrk_r  0x080078e4       0x20 C:/ST/STM32CubeIDE_2.1.1/STM32CubeIDE/plugins/com.st.stm32cube.ide.mcu.externaltools.gnu-tools-for-stm32.14.3.rel1.win32_1.0.100.202602081740/tools/bin/../lib/gcc/arm-none-eabi/14.3.1/../../../../arm-none-eabi/lib/thumb/v7e-m+dp/hard\libc_nano.a(libc_a-sbrkr.o)
                0x080078e4                _sbrk_r
 .text.memcpy   0x08007904       0x1c C:/ST/STM32CubeIDE_2.1.1/STM32CubeIDE/plugins/com.st.stm32cube.ide.mcu.externaltools.gnu-tools-for-stm32.14.3.rel1.win32_1.0.100.202602081740/tools/bin/../lib/gcc/arm-none-eabi/14.3.1/../../../../arm-none-eabi/lib/thumb/v7e-m+dp/hard\libc_nano.a(libc_a-memcpy-stub.o)
                0x08007904                memcpy
 .text._realloc_r
                0x08007920       0x5c C:/ST/STM32CubeIDE_2.1.1/STM32CubeIDE/plugins/com.st.stm32cube.ide.mcu.externaltools.gnu-tools-for-stm32.14.3.rel1.win32_1.0.100.202602081740/tools/bin/../lib/gcc/arm-none-eabi/14.3.1/../../../../arm-none-eabi/lib/thumb/v7e-m+dp/hard\libc_nano.a(libc_a-reallocr.o)
                0x08007920                _realloc_r
 .text._malloc_usable_size_r
                0x0800797c       0x10 C:/ST/STM32CubeIDE_2.1.1/STM32CubeIDE/plugins/com.st.stm32cube.ide.mcu.externaltools.gnu-tools-for-stm32.14.3.rel1.win32_1.0.100.202602081740/tools/bin/../lib/gcc/arm-none-eabi/14.3.1/../../../../arm-none-eabi/lib/thumb/v7e-m+dp/hard\libc_nano.a(libc_a-msizer.o)
                0x0800797c                _malloc_usable_size_r
 *(.glue_7)
 .glue_7        0x0800798c        0x0 linker stubs
 *(.glue_7t)
 .glue_7t       0x0800798c        0x0 linker stubs
 *(.eh_frame)
 .eh_frame      0x0800798c        0x0 C:/ST/STM32CubeIDE_2.1.1/STM32CubeIDE/plugins/com.st.stm32cube.ide.mcu.externaltools.gnu-tools-for-stm32.14.3.rel1.win32_1.0.100.202602081740/tools/bin/../lib/gcc/arm-none-eabi/14.3.1/thumb/v7e-m+dp/hard/crtbegin.o
 *(.init)
 .init          0x0800798c        0x4 C:/ST/STM32CubeIDE_2.1.1/STM32CubeIDE/plugins/com.st.stm32cube.ide.mcu.externaltools.gnu-tools-for-stm32.14.3.rel1.win32_1.0.100.202602081740/tools/bin/../lib/gcc/arm-none-eabi/14.3.1/thumb/v7e-m+dp/hard/crti.o
                0x0800798c                _init
 .init          0x08007990        0x8 C:/ST/STM32CubeIDE_2.1.1/STM32CubeIDE/plugins/com.st.stm32cube.ide.mcu.externaltools.gnu-tools-for-stm32.14.3.rel1.win32_1.0.100.202602081740/tools/bin/../lib/gcc/arm-none-eabi/14.3.1/thumb/v7e-m+dp/hard/crtn.o
 *(.fini)
 .fini          0x08007998        0x4 C:/ST/STM32CubeIDE_2.1.1/STM32CubeIDE/plugins/com.st.stm32cube.ide.mcu.externaltools.gnu-tools-for-stm32.14.3.rel1.win32_1.0.100.202602081740/tools/bin/../lib/gcc/arm-none-eabi/14.3.1/thumb/v7e-m+dp/hard/crti.o
                0x08007998                _fini
 .fini          0x0800799c        0x8 C:/ST/STM32CubeIDE_2.1.1/STM32CubeIDE/plugins/com.st.stm32cube.ide.mcu.externaltools.gnu-tools-for-stm32.14.3.rel1.win32_1.0.100.202602081740/tools/bin/../lib/gcc/arm-none-eabi/14.3.1/thumb/v7e-m+dp/hard/crtn.o
                0x080079a4                        . = ALIGN (0x4)
                0x080079a4                        _etext = .

.vfp11_veneer   0x080079a4        0x0
 .vfp11_veneer  0x080079a4        0x0 linker stubs

.v4_bx          0x080079a4        0x0
 .v4_bx         0x080079a4        0x0 linker stubs

.iplt           0x080079a4        0x0
 .iplt          0x080079a4        0x0 C:/ST/STM32CubeIDE_2.1.1/STM32CubeIDE/plugins/com.st.stm32cube.ide.mcu.externaltools.gnu-tools-for-stm32.14.3.rel1.win32_1.0.100.202602081740/tools/bin/../lib/gcc/arm-none-eabi/14.3.1/thumb/v7e-m+dp/hard/crtbegin.o

.rodata         0x080079a4      0x130
                0x080079a4                        . = ALIGN (0x4)
 *(.rodata)
 *(.rodata*)
 .rodata.step_sequence
                0x080079a4       0x10 ./Core/Src/MotorDriver.o
 .rodata.UI_Update.str1.4
                0x080079b4       0xb5 ./Core/Src/UserInterface.o
 *fill*         0x08007a69        0x3 
 .rodata.D1CorePrescTable
                0x08007a6c       0x10 ./Core/Src/system_stm32h7xx.o
                0x08007a6c                D1CorePrescTable
 .rodata.LED_PIN
                0x08007a7c        0x6 ./Drivers/BSP/STM32H7xx_Nucleo/stm32h7xx_nucleo.o
 *fill*         0x08007a82        0x2 
 .rodata.BUTTON_EXTI_LINE.2
                0x08007a84        0x4 ./Drivers/BSP/STM32H7xx_Nucleo/stm32h7xx_nucleo.o
 .rodata.UARTPrescTable
                0x08007a88       0x18 ./Drivers/STM32H7xx_HAL_Driver/Src/stm32h7xx_hal_uart.o
                0x08007a88                UARTPrescTable
 .rodata._svfprintf_r.str1.1
                0x08007aa0       0x33 C:/ST/STM32CubeIDE_2.1.1/STM32CubeIDE/plugins/com.st.stm32cube.ide.mcu.externaltools.gnu-tools-for-stm32.14.3.rel1.win32_1.0.100.202602081740/tools/bin/../lib/gcc/arm-none-eabi/14.3.1/../../../../arm-none-eabi/lib/thumb/v7e-m+dp/hard\libc_nano.a(libc_a-nano-svfprintf.o)
                                 0x11 (size before relaxing)
 .rodata._printf_i.str1.1
                0x08007ad3       0x22 C:/ST/STM32CubeIDE_2.1.1/STM32CubeIDE/plugins/com.st.stm32cube.ide.mcu.externaltools.gnu-tools-for-stm32.14.3.rel1.win32_1.0.100.202602081740/tools/bin/../lib/gcc/arm-none-eabi/14.3.1/../../../../arm-none-eabi/lib/thumb/v7e-m+dp/hard\libc_nano.a(libc_a-nano-vfprintf_i.o)
                0x08007af8                        . = ALIGN (0x4)
 *fill*         0x08007ad3        0x1 

.ARM.extab
 *(.ARM.extab* .gnu.linkonce.armextab.*)

.ARM            0x08007ad4        0x8
                0x08007ad4                        __exidx_start = .
 *(.ARM.exidx*)
 .ARM.exidx     0x08007ad4        0x8 C:/ST/STM32CubeIDE_2.1.1/STM32CubeIDE/plugins/com.st.stm32cube.ide.mcu.externaltools.gnu-tools-for-stm32.14.3.rel1.win32_1.0.100.202602081740/tools/bin/../lib/gcc/arm-none-eabi/14.3.1/../../../../arm-none-eabi/lib/thumb/v7e-m+dp/hard\libc_nano.a(libc_a-strlen.o)
 .ARM.exidx     0x08007adc        0x0 C:/ST/STM32CubeIDE_2.1.1/STM32CubeIDE/plugins/com.st.stm32cube.ide.mcu.externaltools.gnu-tools-for-stm32.14.3.rel1.win32_1.0.100.202602081740/tools/bin/../lib/gcc/arm-none-eabi/14.3.1/../../../../arm-none-eabi/lib/thumb/v7e-m+dp/hard\libc_nano.a(libc_a-memchr.o)
                                  0x8 (size before relaxing)
 .ARM.exidx     0x08007adc        0x0 C:/ST/STM32CubeIDE_2.1.1/STM32CubeIDE/plugins/com.st.stm32cube.ide.mcu.externaltools.gnu-tools-for-stm32.14.3.rel1.win32_1.0.100.202602081740/tools/bin/../lib/gcc/arm-none-eabi/14.3.1/thumb/v7e-m+dp/hard\libgcc.a(_udivmoddi4.o)
                                  0x8 (size before relaxing)
                0x08007adc                        __exidx_end = .

.preinit_array  0x08007adc        0x0
                0x08007adc                        PROVIDE (__preinit_array_start = .)
 *(.preinit_array*)
                0x08007adc                        PROVIDE (__preinit_array_end = .)

.init_array     0x08007adc        0x4
                0x08007adc                        PROVIDE (__init_array_start = .)
 *(SORT_BY_NAME(.init_array.*))
 *(.init_array*)
 .init_array    0x08007adc        0x4 C:/ST/STM32CubeIDE_2.1.1/STM32CubeIDE/plugins/com.st.stm32cube.ide.mcu.externaltools.gnu-tools-for-stm32.14.3.rel1.win32_1.0.100.202602081740/tools/bin/../lib/gcc/arm-none-eabi/14.3.1/thumb/v7e-m+dp/hard/crtbegin.o
                0x08007ae0                        PROVIDE (__init_array_end = .)

.fini_array     0x08007ae0        0x4
                [!provide]                        PROVIDE (__fini_array_start = .)
 *(SORT_BY_NAME(.fini_array.*))
 *(.fini_array*)
 .fini_array    0x08007ae0        0x4 C:/ST/STM32CubeIDE_2.1.1/STM32CubeIDE/plugins/com.st.stm32cube.ide.mcu.externaltools.gnu-tools-for-stm32.14.3.rel1.win32_1.0.100.202602081740/tools/bin/../lib/gcc/arm-none-eabi/14.3.1/thumb/v7e-m+dp/hard/crtbegin.o
                [!provide]                        PROVIDE (__fini_array_end = .)
                0x08007ae4                        _sidata = LOADADDR (.data)

.rel.dyn        0x08007ae4        0x0
 .rel.iplt      0x08007ae4        0x0 C:/ST/STM32CubeIDE_2.1.1/STM32CubeIDE/plugins/com.st.stm32cube.ide.mcu.externaltools.gnu-tools-for-stm32.14.3.rel1.win32_1.0.100.202602081740/tools/bin/../lib/gcc/arm-none-eabi/14.3.1/thumb/v7e-m+dp/hard/crtbegin.o

.data           0x24000000       0x84 load address 0x08007ae4
                0x24000000                        . = ALIGN (0x4)
                0x24000000                        _sdata = .
 *(.data)
 *(.data*)
 .data.motor_speed_delay
                0x24000000        0x4 ./Core/Src/MotorDriver.o
                0x24000000                motor_speed_delay
 .data.last_displayed_state
                0x24000004        0x1 ./Core/Src/UserInterface.o
 *fill*         0x24000005        0x3 
 .data.SystemCoreClock
                0x24000008        0x4 ./Core/Src/system_stm32h7xx.o
                0x24000008                SystemCoreClock
 .data.SystemD2Clock
                0x2400000c        0x4 ./Core/Src/system_stm32h7xx.o
                0x2400000c                SystemD2Clock
 .data.COM_USART
                0x24000010        0x4 ./Drivers/BSP/STM32H7xx_Nucleo/stm32h7xx_nucleo.o
                0x24000010                COM_USART
 .data.LED_PORT
                0x24000014        0xc ./Drivers/BSP/STM32H7xx_Nucleo/stm32h7xx_nucleo.o
 .data.BUTTON_PORT
                0x24000020        0x4 ./Drivers/BSP/STM32H7xx_Nucleo/stm32h7xx_nucleo.o
 .data.ButtonCallback.1
                0x24000024        0x4 ./Drivers/BSP/STM32H7xx_Nucleo/stm32h7xx_nucleo.o
 .data.BSP_BUTTON_PRIO.0
                0x24000028        0x4 ./Drivers/BSP/STM32H7xx_Nucleo/stm32h7xx_nucleo.o
 .data.uwTickPrio
                0x2400002c        0x4 ./Drivers/STM32H7xx_HAL_Driver/Src/stm32h7xx_hal.o
                0x2400002c                uwTickPrio
 .data.uwTickFreq
                0x24000030        0x1 ./Drivers/STM32H7xx_HAL_Driver/Src/stm32h7xx_hal.o
                0x24000030                uwTickFreq
 *fill*         0x24000031        0x3 
 .data._impure_ptr
                0x24000034        0x4 C:/ST/STM32CubeIDE_2.1.1/STM32CubeIDE/plugins/com.st.stm32cube.ide.mcu.externaltools.gnu-tools-for-stm32.14.3.rel1.win32_1.0.100.202602081740/tools/bin/../lib/gcc/arm-none-eabi/14.3.1/../../../../arm-none-eabi/lib/thumb/v7e-m+dp/hard\libc_nano.a(libc_a-impure.o)
                0x24000034                _impure_ptr
 .data._impure_data
                0x24000038       0x4c C:/ST/STM32CubeIDE_2.1.1/STM32CubeIDE/plugins/com.st.stm32cube.ide.mcu.externaltools.gnu-tools-for-stm32.14.3.rel1.win32_1.0.100.202602081740/tools/bin/../lib/gcc/arm-none-eabi/14.3.1/../../../../arm-none-eabi/lib/thumb/v7e-m+dp/hard\libc_nano.a(libc_a-impure.o)
                0x24000038                _impure_data
 *(.RamFunc)
 *(.RamFunc*)
                0x24000084                        . = ALIGN (0x4)
                0x24000084                        _edata = .

.igot.plt       0x24000084        0x0 load address 0x08007b68
 .igot.plt      0x24000084        0x0 C:/ST/STM32CubeIDE_2.1.1/STM32CubeIDE/plugins/com.st.stm32cube.ide.mcu.externaltools.gnu-tools-for-stm32.14.3.rel1.win32_1.0.100.202602081740/tools/bin/../lib/gcc/arm-none-eabi/14.3.1/thumb/v7e-m+dp/hard/crtbegin.o
                0x24000084                        . = ALIGN (0x4)

.bss            0x24000084      0x2e4 load address 0x08007b68
                0x24000084                        _sbss = .
                0x24000084                        __bss_start__ = _sbss
 *(.bss)
 .bss           0x24000084       0x1c C:/ST/STM32CubeIDE_2.1.1/STM32CubeIDE/plugins/com.st.stm32cube.ide.mcu.externaltools.gnu-tools-for-stm32.14.3.rel1.win32_1.0.100.202602081740/tools/bin/../lib/gcc/arm-none-eabi/14.3.1/thumb/v7e-m+dp/hard/crtbegin.o
 *(.bss*)
 .bss.last_step_time
                0x240000a0        0x4 ./Core/Src/MotorDriver.o
 .bss.current_step
                0x240000a4        0x4 ./Core/Src/MotorDriver.o
 .bss.SystemStatus
                0x240000a8       0x14 ./Core/Src/SystemConfig.o
                0x240000a8                SystemStatus
 .bss.last_encoder_count
                0x240000bc        0x2 ./Core/Src/UserInterface.o
 *fill*         0x240000be        0x2 
 .bss.last_displayed_target
                0x240000c0        0x4 ./Core/Src/UserInterface.o
 .bss.last_displayed_current
                0x240000c4        0x4 ./Core/Src/UserInterface.o
 .bss.last_button_press_time
                0x240000c8        0x4 ./Core/Src/UserInterface.o
 .bss.hi2c1     0x240000cc       0x54 ./Core/Src/i2c.o
                0x240000cc                hi2c1
 .bss.BspCOMInit
                0x24000120       0x10 ./Core/Src/main.o
                0x24000120                BspCOMInit
 .bss.__sbrk_heap_end
                0x24000130        0x4 ./Core/Src/sysmem.o
 .bss.htim3     0x24000134       0x4c ./Core/Src/tim.o
                0x24000134                htim3
 .bss.hpb_exti  0x24000180        0x8 ./Drivers/BSP/STM32H7xx_Nucleo/stm32h7xx_nucleo.o
                0x24000180                hpb_exti
 .bss.hcom_uart
                0x24000188       0x94 ./Drivers/BSP/STM32H7xx_Nucleo/stm32h7xx_nucleo.o
                0x24000188                hcom_uart
 .bss.uwTick    0x2400021c        0x4 ./Drivers/STM32H7xx_HAL_Driver/Src/stm32h7xx_hal.o
                0x2400021c                uwTick
 .bss.__sf      0x24000220      0x138 C:/ST/STM32CubeIDE_2.1.1/STM32CubeIDE/plugins/com.st.stm32cube.ide.mcu.externaltools.gnu-tools-for-stm32.14.3.rel1.win32_1.0.100.202602081740/tools/bin/../lib/gcc/arm-none-eabi/14.3.1/../../../../arm-none-eabi/lib/thumb/v7e-m+dp/hard\libc_nano.a(libc_a-findfp.o)
                0x24000220                __sf
 .bss.errno     0x24000358        0x4 C:/ST/STM32CubeIDE_2.1.1/STM32CubeIDE/plugins/com.st.stm32cube.ide.mcu.externaltools.gnu-tools-for-stm32.14.3.rel1.win32_1.0.100.202602081740/tools/bin/../lib/gcc/arm-none-eabi/14.3.1/../../../../arm-none-eabi/lib/thumb/v7e-m+dp/hard\libc_nano.a(libc_a-reent.o)
                0x24000358                errno
 .bss.__lock___malloc_recursive_mutex
                0x2400035c        0x1 C:/ST/STM32CubeIDE_2.1.1/STM32CubeIDE/plugins/com.st.stm32cube.ide.mcu.externaltools.gnu-tools-for-stm32.14.3.rel1.win32_1.0.100.202602081740/tools/bin/../lib/gcc/arm-none-eabi/14.3.1/../../../../arm-none-eabi/lib/thumb/v7e-m+dp/hard\libc_nano.a(libc_a-lock.o)
                0x2400035c                __lock___malloc_recursive_mutex
 *fill*         0x2400035d        0x3 
 .bss.__malloc_sbrk_start
                0x24000360        0x4 C:/ST/STM32CubeIDE_2.1.1/STM32CubeIDE/plugins/com.st.stm32cube.ide.mcu.externaltools.gnu-tools-for-stm32.14.3.rel1.win32_1.0.100.202602081740/tools/bin/../lib/gcc/arm-none-eabi/14.3.1/../../../../arm-none-eabi/lib/thumb/v7e-m+dp/hard\libc_nano.a(libc_a-mallocr.o)
                0x24000360                __malloc_sbrk_start
 .bss.__malloc_free_list
                0x24000364        0x4 C:/ST/STM32CubeIDE_2.1.1/STM32CubeIDE/plugins/com.st.stm32cube.ide.mcu.externaltools.gnu-tools-for-stm32.14.3.rel1.win32_1.0.100.202602081740/tools/bin/../lib/gcc/arm-none-eabi/14.3.1/../../../../arm-none-eabi/lib/thumb/v7e-m+dp/hard\libc_nano.a(libc_a-mallocr.o)
                0x24000364                __malloc_free_list
 *(COMMON)
                0x24000368                        . = ALIGN (0x4)
                0x24000368                        _ebss = .
                0x24000368                        __bss_end__ = _ebss

._user_heap_stack
                0x24000368      0x600 load address 0x08007b68
                0x24000368                        . = ALIGN (0x8)
                [!provide]                        PROVIDE (end = .)
                0x24000368                        PROVIDE (_end = .)
                0x24000568                        . = (. + _Min_Heap_Size)
 *fill*         0x24000368      0x200 
                0x24000968                        . = (. + _Min_Stack_Size)
 *fill*         0x24000568      0x400 
                0x24000968                        . = ALIGN (0x8)

/DISCARD/
 libc.a(*)
 libm.a(*)
 libgcc.a(*)

.ARM.attributes
                0x00000000       0x2e
 *(.ARM.attributes)
 .ARM.attributes
                0x00000000       0x20 C:/ST/STM32CubeIDE_2.1.1/STM32CubeIDE/plugins/com.st.stm32cube.ide.mcu.externaltools.gnu-tools-for-stm32.14.3.rel1.win32_1.0.100.202602081740/tools/bin/../lib/gcc/arm-none-eabi/14.3.1/thumb/v7e-m+dp/hard/crti.o
 .ARM.attributes
                0x00000020       0x32 C:/ST/STM32CubeIDE_2.1.1/STM32CubeIDE/plugins/com.st.stm32cube.ide.mcu.externaltools.gnu-tools-for-stm32.14.3.rel1.win32_1.0.100.202602081740/tools/bin/../lib/gcc/arm-none-eabi/14.3.1/thumb/v7e-m+dp/hard/crtbegin.o
 .ARM.attributes
                0x00000052       0x32 ./Core/Src/BeamSensorHandler.o
 .ARM.attributes
                0x00000084       0x32 ./Core/Src/MotorDriver.o
 .ARM.attributes
                0x000000b6       0x32 ./Core/Src/SystemConfig.o
 .ARM.attributes
                0x000000e8       0x32 ./Core/Src/UserInterface.o
 .ARM.attributes
                0x0000011a       0x32 ./Core/Src/gpio.o
 .ARM.attributes
                0x0000014c       0x32 ./Core/Src/i2c.o
 .ARM.attributes
                0x0000017e       0x32 ./Core/Src/main.o
 .ARM.attributes
                0x000001b0       0x32 ./Core/Src/stm32h7xx_hal_msp.o
 .ARM.attributes
                0x000001e2       0x32 ./Core/Src/stm32h7xx_it.o
 .ARM.attributes
                0x00000214       0x32 ./Core/Src/sysmem.o
 .ARM.attributes
                0x00000246       0x32 ./Core/Src/system_stm32h7xx.o
 .ARM.attributes
                0x00000278       0x32 ./Core/Src/tim.o
 .ARM.attributes
                0x000002aa       0x21 ./Core/Startup/startup_stm32h753zitx.o
 .ARM.attributes
                0x000002cb       0x32 ./Drivers/BSP/STM32H7xx_Nucleo/stm32h7xx_nucleo.o
 .ARM.attributes
                0x000002fd       0x32 ./Drivers/STM32H7xx_HAL_Driver/Src/stm32h7xx_hal.o
 .ARM.attributes
                0x0000032f       0x32 ./Drivers/STM32H7xx_HAL_Driver/Src/stm32h7xx_hal_cortex.o
 .ARM.attributes
                0x00000361       0x32 ./Drivers/STM32H7xx_HAL_Driver/Src/stm32h7xx_hal_exti.o
 .ARM.attributes
                0x00000393       0x32 ./Drivers/STM32H7xx_HAL_Driver/Src/stm32h7xx_hal_gpio.o
 .ARM.attributes
                0x000003c5       0x32 ./Drivers/STM32H7xx_HAL_Driver/Src/stm32h7xx_hal_i2c.o
 .ARM.attributes
                0x000003f7       0x32 ./Drivers/STM32H7xx_HAL_Driver/Src/stm32h7xx_hal_i2c_ex.o
 .ARM.attributes
                0x00000429       0x32 ./Drivers/STM32H7xx_HAL_Driver/Src/stm32h7xx_hal_pwr_ex.o
 .ARM.attributes
                0x0000045b       0x32 ./Drivers/STM32H7xx_HAL_Driver/Src/stm32h7xx_hal_rcc.o
 .ARM.attributes
                0x0000048d       0x32 ./Drivers/STM32H7xx_HAL_Driver/Src/stm32h7xx_hal_rcc_ex.o
 .ARM.attributes
                0x000004bf       0x32 ./Drivers/STM32H7xx_HAL_Driver/Src/stm32h7xx_hal_tim.o
 .ARM.attributes
                0x000004f1       0x32 ./Drivers/STM32H7xx_HAL_Driver/Src/stm32h7xx_hal_tim_ex.o
 .ARM.attributes
                0x00000523       0x32 ./Drivers/STM32H7xx_HAL_Driver/Src/stm32h7xx_hal_uart.o
 .ARM.attributes
                0x00000555       0x32 C:/ST/STM32CubeIDE_2.1.1/STM32CubeIDE/plugins/com.st.stm32cube.ide.mcu.externaltools.gnu-tools-for-stm32.14.3.rel1.win32_1.0.100.202602081740/tools/bin/../lib/gcc/arm-none-eabi/14.3.1/../../../../arm-none-eabi/lib/thumb/v7e-m+dp/hard\libc_nano.a(libc_a-findfp.o)
 .ARM.attributes
                0x00000587       0x32 C:/ST/STM32CubeIDE_2.1.1/STM32CubeIDE/plugins/com.st.stm32cube.ide.mcu.externaltools.gnu-tools-for-stm32.14.3.rel1.win32_1.0.100.202602081740/tools/bin/../lib/gcc/arm-none-eabi/14.3.1/../../../../arm-none-eabi/lib/thumb/v7e-m+dp/hard\libc_nano.a(libc_a-sprintf.o)
 .ARM.attributes
                0x000005b9       0x32 C:/ST/STM32CubeIDE_2.1.1/STM32CubeIDE/plugins/com.st.stm32cube.ide.mcu.externaltools.gnu-tools-for-stm32.14.3.rel1.win32_1.0.100.202602081740/tools/bin/../lib/gcc/arm-none-eabi/14.3.1/../../../../arm-none-eabi/lib/thumb/v7e-m+dp/hard\libc_nano.a(libc_a-memset.o)
 .ARM.attributes
                0x000005eb       0x32 C:/ST/STM32CubeIDE_2.1.1/STM32CubeIDE/plugins/com.st.stm32cube.ide.mcu.externaltools.gnu-tools-for-stm32.14.3.rel1.win32_1.0.100.202602081740/tools/bin/../lib/gcc/arm-none-eabi/14.3.1/../../../../arm-none-eabi/lib/thumb/v7e-m+dp/hard\libc_nano.a(libc_a-reent.o)
 .ARM.attributes
                0x0000061d       0x32 C:/ST/STM32CubeIDE_2.1.1/STM32CubeIDE/plugins/com.st.stm32cube.ide.mcu.externaltools.gnu-tools-for-stm32.14.3.rel1.win32_1.0.100.202602081740/tools/bin/../lib/gcc/arm-none-eabi/14.3.1/../../../../arm-none-eabi/lib/thumb/v7e-m+dp/hard\libc_nano.a(libc_a-impure.o)
 .ARM.attributes
                0x0000064f       0x32 C:/ST/STM32CubeIDE_2.1.1/STM32CubeIDE/plugins/com.st.stm32cube.ide.mcu.externaltools.gnu-tools-for-stm32.14.3.rel1.win32_1.0.100.202602081740/tools/bin/../lib/gcc/arm-none-eabi/14.3.1/../../../../arm-none-eabi/lib/thumb/v7e-m+dp/hard\libc_nano.a(libc_a-errno.o)
 .ARM.attributes
                0x00000681       0x32 C:/ST/STM32CubeIDE_2.1.1/STM32CubeIDE/plugins/com.st.stm32cube.ide.mcu.externaltools.gnu-tools-for-stm32.14.3.rel1.win32_1.0.100.202602081740/tools/bin/../lib/gcc/arm-none-eabi/14.3.1/../../../../arm-none-eabi/lib/thumb/v7e-m+dp/hard\libc_nano.a(libc_a-init.o)
 .ARM.attributes
                0x000006b3       0x32 C:/ST/STM32CubeIDE_2.1.1/STM32CubeIDE/plugins/com.st.stm32cube.ide.mcu.externaltools.gnu-tools-for-stm32.14.3.rel1.win32_1.0.100.202602081740/tools/bin/../lib/gcc/arm-none-eabi/14.3.1/../../../../arm-none-eabi/lib/thumb/v7e-m+dp/hard\libc_nano.a(libc_a-lock.o)
 .ARM.attributes
                0x000006e5       0x17 C:/ST/STM32CubeIDE_2.1.1/STM32CubeIDE/plugins/com.st.stm32cube.ide.mcu.externaltools.gnu-tools-for-stm32.14.3.rel1.win32_1.0.100.202602081740/tools/bin/../lib/gcc/arm-none-eabi/14.3.1/../../../../arm-none-eabi/lib/thumb/v7e-m+dp/hard\libc_nano.a(libc_a-strlen.o)
 .ARM.attributes
                0x000006fc       0x32 C:/ST/STM32CubeIDE_2.1.1/STM32CubeIDE/plugins/com.st.stm32cube.ide.mcu.externaltools.gnu-tools-for-stm32.14.3.rel1.win32_1.0.100.202602081740/tools/bin/../lib/gcc/arm-none-eabi/14.3.1/../../../../arm-none-eabi/lib/thumb/v7e-m+dp/hard\libc_nano.a(libc_a-freer.o)
 .ARM.attributes
                0x0000072e       0x32 C:/ST/STM32CubeIDE_2.1.1/STM32CubeIDE/plugins/com.st.stm32cube.ide.mcu.externaltools.gnu-tools-for-stm32.14.3.rel1.win32_1.0.100.202602081740/tools/bin/../lib/gcc/arm-none-eabi/14.3.1/../../../../arm-none-eabi/lib/thumb/v7e-m+dp/hard\libc_nano.a(libc_a-mallocr.o)
 .ARM.attributes
                0x00000760       0x32 C:/ST/STM32CubeIDE_2.1.1/STM32CubeIDE/plugins/com.st.stm32cube.ide.mcu.externaltools.gnu-tools-for-stm32.14.3.rel1.win32_1.0.100.202602081740/tools/bin/../lib/gcc/arm-none-eabi/14.3.1/../../../../arm-none-eabi/lib/thumb/v7e-m+dp/hard\libc_nano.a(libc_a-mlock.o)
 .ARM.attributes
                0x00000792       0x32 C:/ST/STM32CubeIDE_2.1.1/STM32CubeIDE/plugins/com.st.stm32cube.ide.mcu.externaltools.gnu-tools-for-stm32.14.3.rel1.win32_1.0.100.202602081740/tools/bin/../lib/gcc/arm-none-eabi/14.3.1/../../../../arm-none-eabi/lib/thumb/v7e-m+dp/hard\libc_nano.a(libc_a-nano-svfprintf.o)
 .ARM.attributes
                0x000007c4       0x32 C:/ST/STM32CubeIDE_2.1.1/STM32CubeIDE/plugins/com.st.stm32cube.ide.mcu.externaltools.gnu-tools-for-stm32.14.3.rel1.win32_1.0.100.202602081740/tools/bin/../lib/gcc/arm-none-eabi/14.3.1/../../../../arm-none-eabi/lib/thumb/v7e-m+dp/hard\libc_nano.a(libc_a-nano-vfprintf_i.o)
 .ARM.attributes
                0x000007f6       0x32 C:/ST/STM32CubeIDE_2.1.1/STM32CubeIDE/plugins/com.st.stm32cube.ide.mcu.externaltools.gnu-tools-for-stm32.14.3.rel1.win32_1.0.100.202602081740/tools/bin/../lib/gcc/arm-none-eabi/14.3.1/../../../../arm-none-eabi/lib/thumb/v7e-m+dp/hard\libc_nano.a(libc_a-memmove.o)
 .ARM.attributes
                0x00000828       0x32 C:/ST/STM32CubeIDE_2.1.1/STM32CubeIDE/plugins/com.st.stm32cube.ide.mcu.externaltools.gnu-tools-for-stm32.14.3.rel1.win32_1.0.100.202602081740/tools/bin/../lib/gcc/arm-none-eabi/14.3.1/../../../../arm-none-eabi/lib/thumb/v7e-m+dp/hard\libc_nano.a(libc_a-sbrkr.o)
 .ARM.attributes
                0x0000085a       0x1c C:/ST/STM32CubeIDE_2.1.1/STM32CubeIDE/plugins/com.st.stm32cube.ide.mcu.externaltools.gnu-tools-for-stm32.14.3.rel1.win32_1.0.100.202602081740/tools/bin/../lib/gcc/arm-none-eabi/14.3.1/../../../../arm-none-eabi/lib/thumb/v7e-m+dp/hard\libc_nano.a(libc_a-memchr.o)
 .ARM.attributes
                0x00000876       0x32 C:/ST/STM32CubeIDE_2.1.1/STM32CubeIDE/plugins/com.st.stm32cube.ide.mcu.externaltools.gnu-tools-for-stm32.14.3.rel1.win32_1.0.100.202602081740/tools/bin/../lib/gcc/arm-none-eabi/14.3.1/../../../../arm-none-eabi/lib/thumb/v7e-m+dp/hard\libc_nano.a(libc_a-memcpy-stub.o)
 .ARM.attributes
                0x000008a8       0x32 C:/ST/STM32CubeIDE_2.1.1/STM32CubeIDE/plugins/com.st.stm32cube.ide.mcu.externaltools.gnu-tools-for-stm32.14.3.rel1.win32_1.0.100.202602081740/tools/bin/../lib/gcc/arm-none-eabi/14.3.1/../../../../arm-none-eabi/lib/thumb/v7e-m+dp/hard\libc_nano.a(libc_a-reallocr.o)
 .ARM.attributes
                0x000008da       0x32 C:/ST/STM32CubeIDE_2.1.1/STM32CubeIDE/plugins/com.st.stm32cube.ide.mcu.externaltools.gnu-tools-for-stm32.14.3.rel1.win32_1.0.100.202602081740/tools/bin/../lib/gcc/arm-none-eabi/14.3.1/../../../../arm-none-eabi/lib/thumb/v7e-m+dp/hard\libc_nano.a(libc_a-msizer.o)
 .ARM.attributes
                0x0000090c       0x20 C:/ST/STM32CubeIDE_2.1.1/STM32CubeIDE/plugins/com.st.stm32cube.ide.mcu.externaltools.gnu-tools-for-stm32.14.3.rel1.win32_1.0.100.202602081740/tools/bin/../lib/gcc/arm-none-eabi/14.3.1/thumb/v7e-m+dp/hard\libgcc.a(_aeabi_uldivmod.o)
 .ARM.attributes
                0x0000092c       0x32 C:/ST/STM32CubeIDE_2.1.1/STM32CubeIDE/plugins/com.st.stm32cube.ide.mcu.externaltools.gnu-tools-for-stm32.14.3.rel1.win32_1.0.100.202602081740/tools/bin/../lib/gcc/arm-none-eabi/14.3.1/thumb/v7e-m+dp/hard\libgcc.a(_udivmoddi4.o)
 .ARM.attributes
                0x0000095e       0x20 C:/ST/STM32CubeIDE_2.1.1/STM32CubeIDE/plugins/com.st.stm32cube.ide.mcu.externaltools.gnu-tools-for-stm32.14.3.rel1.win32_1.0.100.202602081740/tools/bin/../lib/gcc/arm-none-eabi/14.3.1/thumb/v7e-m+dp/hard\libgcc.a(_dvmd_tls.o)
 .ARM.attributes
                0x0000097e       0x20 C:/ST/STM32CubeIDE_2.1.1/STM32CubeIDE/plugins/com.st.stm32cube.ide.mcu.externaltools.gnu-tools-for-stm32.14.3.rel1.win32_1.0.100.202602081740/tools/bin/../lib/gcc/arm-none-eabi/14.3.1/thumb/v7e-m+dp/hard/crtn.o
OUTPUT(PillCountingProject.elf elf32-littlearm)
LOAD linker stubs
LOAD C:/ST/STM32CubeIDE_2.1.1/STM32CubeIDE/plugins/com.st.stm32cube.ide.mcu.externaltools.gnu-tools-for-stm32.14.3.rel1.win32_1.0.100.202602081740/tools/bin/../lib/gcc/arm-none-eabi/14.3.1/../../../../arm-none-eabi/lib/thumb/v7e-m+dp/hard\libc.a
LOAD C:/ST/STM32CubeIDE_2.1.1/STM32CubeIDE/plugins/com.st.stm32cube.ide.mcu.externaltools.gnu-tools-for-stm32.14.3.rel1.win32_1.0.100.202602081740/tools/bin/../lib/gcc/arm-none-eabi/14.3.1/../../../../arm-none-eabi/lib/thumb/v7e-m+dp/hard\libm.a
LOAD C:/ST/STM32CubeIDE_2.1.1/STM32CubeIDE/plugins/com.st.stm32cube.ide.mcu.externaltools.gnu-tools-for-stm32.14.3.rel1.win32_1.0.100.202602081740/tools/bin/../lib/gcc/arm-none-eabi/14.3.1/thumb/v7e-m+dp/hard\libgcc.a

.debug_info     0x00000000    0x1a8c4
 .debug_info    0x00000000      0x174 ./Core/Src/BeamSensorHandler.o
 .debug_info    0x00000174      0x328 ./Core/Src/MotorDriver.o
 .debug_info    0x0000049c      0x17a ./Core/Src/SystemConfig.o
 .debug_info    0x00000616      0xf46 ./Core/Src/UserInterface.o
 .debug_info    0x0000155c      0xa4c ./Core/Src/gpio.o
 .debug_info    0x00001fa8      0xff7 ./Core/Src/i2c.o
 .debug_info    0x00002f9f      0xf2c ./Core/Src/main.o
 .debug_info    0x00003ecb      0x464 ./Core/Src/stm32h7xx_hal_msp.o
 .debug_info    0x0000432f      0x1ab ./Core/Src/stm32h7xx_it.o
 .debug_info    0x000044da      0x168 ./Core/Src/sysmem.o
 .debug_info    0x00004642      0xdc1 ./Core/Src/system_stm32h7xx.o
 .debug_info    0x00005403      0xeb7 ./Core/Src/tim.o
 .debug_info    0x000062ba       0x30 ./Core/Startup/startup_stm32h753zitx.o
 .debug_info    0x000062ea     0x1a81 ./Drivers/BSP/STM32H7xx_Nucleo/stm32h7xx_nucleo.o
 .debug_info    0x00007d6b     0x1541 ./Drivers/STM32H7xx_HAL_Driver/Src/stm32h7xx_hal.o
 .debug_info    0x000092ac     0x10c4 ./Drivers/STM32H7xx_HAL_Driver/Src/stm32h7xx_hal_cortex.o
 .debug_info    0x0000a370      0x916 ./Drivers/STM32H7xx_HAL_Driver/Src/stm32h7xx_hal_exti.o
 .debug_info    0x0000ac86      0xc5a ./Drivers/STM32H7xx_HAL_Driver/Src/stm32h7xx_hal_gpio.o
 .debug_info    0x0000b8e0     0x22ba ./Drivers/STM32H7xx_HAL_Driver/Src/stm32h7xx_hal_i2c.o
 .debug_info    0x0000db9a      0xd84 ./Drivers/STM32H7xx_HAL_Driver/Src/stm32h7xx_hal_i2c_ex.o
 .debug_info    0x0000e91e     0x1021 ./Drivers/STM32H7xx_HAL_Driver/Src/stm32h7xx_hal_pwr_ex.o
 .debug_info    0x0000f93f      0xe74 ./Drivers/STM32H7xx_HAL_Driver/Src/stm32h7xx_hal_rcc.o
 .debug_info    0x000107b3     0x1225 ./Drivers/STM32H7xx_HAL_Driver/Src/stm32h7xx_hal_rcc_ex.o
 .debug_info    0x000119d8     0x2bae ./Drivers/STM32H7xx_HAL_Driver/Src/stm32h7xx_hal_tim.o
 .debug_info    0x00014586     0x17eb ./Drivers/STM32H7xx_HAL_Driver/Src/stm32h7xx_hal_tim_ex.o
 .debug_info    0x00015d71     0x4b53 ./Drivers/STM32H7xx_HAL_Driver/Src/stm32h7xx_hal_uart.o

.debug_abbrev   0x00000000     0x3397
 .debug_abbrev  0x00000000       0xda ./Core/Src/BeamSensorHandler.o
 .debug_abbrev  0x000000da      0x1ae ./Core/Src/MotorDriver.o
 .debug_abbrev  0x00000288       0xe8 ./Core/Src/SystemConfig.o
 .debug_abbrev  0x00000370      0x26b ./Core/Src/UserInterface.o
 .debug_abbrev  0x000005db      0x194 ./Core/Src/gpio.o
 .debug_abbrev  0x0000076f      0x24c ./Core/Src/i2c.o
 .debug_abbrev  0x000009bb      0x273 ./Core/Src/main.o
 .debug_abbrev  0x00000c2e       0xdb ./Core/Src/stm32h7xx_hal_msp.o
 .debug_abbrev  0x00000d09       0xbc ./Core/Src/stm32h7xx_it.o
 .debug_abbrev  0x00000dc5       0xbc ./Core/Src/sysmem.o
 .debug_abbrev  0x00000e81      0x165 ./Core/Src/system_stm32h7xx.o
 .debug_abbrev  0x00000fe6      0x23d ./Core/Src/tim.o
 .debug_abbrev  0x00001223       0x24 ./Core/Startup/startup_stm32h753zitx.o
 .debug_abbrev  0x00001247      0x340 ./Drivers/BSP/STM32H7xx_Nucleo/stm32h7xx_nucleo.o
 .debug_abbrev  0x00001587      0x295 ./Drivers/STM32H7xx_HAL_Driver/Src/stm32h7xx_hal.o
 .debug_abbrev  0x0000181c      0x339 ./Drivers/STM32H7xx_HAL_Driver/Src/stm32h7xx_hal_cortex.o
 .debug_abbrev  0x00001b55      0x1df ./Drivers/STM32H7xx_HAL_Driver/Src/stm32h7xx_hal_exti.o
 .debug_abbrev  0x00001d34      0x205 ./Drivers/STM32H7xx_HAL_Driver/Src/stm32h7xx_hal_gpio.o
 .debug_abbrev  0x00001f39      0x25d ./Drivers/STM32H7xx_HAL_Driver/Src/stm32h7xx_hal_i2c.o
 .debug_abbrev  0x00002196      0x1f5 ./Drivers/STM32H7xx_HAL_Driver/Src/stm32h7xx_hal_i2c_ex.o
 .debug_abbrev  0x0000238b      0x2a7 ./Drivers/STM32H7xx_HAL_Driver/Src/stm32h7xx_hal_pwr_ex.o
 .debug_abbrev  0x00002632      0x2c8 ./Drivers/STM32H7xx_HAL_Driver/Src/stm32h7xx_hal_rcc.o
 .debug_abbrev  0x000028fa      0x269 ./Drivers/STM32H7xx_HAL_Driver/Src/stm32h7xx_hal_rcc_ex.o
 .debug_abbrev  0x00002b63      0x276 ./Drivers/STM32H7xx_HAL_Driver/Src/stm32h7xx_hal_tim.o
 .debug_abbrev  0x00002dd9      0x281 ./Drivers/STM32H7xx_HAL_Driver/Src/stm32h7xx_hal_tim_ex.o
 .debug_abbrev  0x0000305a      0x33d ./Drivers/STM32H7xx_HAL_Driver/Src/stm32h7xx_hal_uart.o

.debug_aranges  0x00000000     0x1448
 .debug_aranges
                0x00000000       0x20 ./Core/Src/BeamSensorHandler.o
 .debug_aranges
                0x00000020       0x38 ./Core/Src/MotorDriver.o
 .debug_aranges
                0x00000058       0x28 ./Core/Src/SystemConfig.o
 .debug_aranges
                0x00000080       0x60 ./Core/Src/UserInterface.o
 .debug_aranges
                0x000000e0       0x20 ./Core/Src/gpio.o
 .debug_aranges
                0x00000100       0x30 ./Core/Src/i2c.o
 .debug_aranges
                0x00000130       0x38 ./Core/Src/main.o
 .debug_aranges
                0x00000168       0x20 ./Core/Src/stm32h7xx_hal_msp.o
 .debug_aranges
                0x00000188       0x70 ./Core/Src/stm32h7xx_it.o
 .debug_aranges
                0x000001f8       0x20 ./Core/Src/sysmem.o
 .debug_aranges
                0x00000218       0x30 ./Core/Src/system_stm32h7xx.o
 .debug_aranges
                0x00000248       0x30 ./Core/Src/tim.o
 .debug_aranges
                0x00000278       0x28 ./Core/Startup/startup_stm32h753zitx.o
 .debug_aranges
                0x000002a0       0xb8 ./Drivers/BSP/STM32H7xx_Nucleo/stm32h7xx_nucleo.o
 .debug_aranges
                0x00000358      0x198 ./Drivers/STM32H7xx_HAL_Driver/Src/stm32h7xx_hal.o
 .debug_aranges
                0x000004f0      0x130 ./Drivers/STM32H7xx_HAL_Driver/Src/stm32h7xx_hal_cortex.o
 .debug_aranges
                0x00000620       0x60 ./Drivers/STM32H7xx_HAL_Driver/Src/stm32h7xx_hal_exti.o
 .debug_aranges
                0x00000680       0x58 ./Drivers/STM32H7xx_HAL_Driver/Src/stm32h7xx_hal_gpio.o
 .debug_aranges
                0x000006d8      0x2a0 ./Drivers/STM32H7xx_HAL_Driver/Src/stm32h7xx_hal_i2c.o
 .debug_aranges
                0x00000978       0x48 ./Drivers/STM32H7xx_HAL_Driver/Src/stm32h7xx_hal_i2c_ex.o
 .debug_aranges
                0x000009c0      0x158 ./Drivers/STM32H7xx_HAL_Driver/Src/stm32h7xx_hal_pwr_ex.o
 .debug_aranges
                0x00000b18       0x88 ./Drivers/STM32H7xx_HAL_Driver/Src/stm32h7xx_hal_rcc.o
 .debug_aranges
                0x00000ba0       0xf8 ./Drivers/STM32H7xx_HAL_Driver/Src/stm32h7xx_hal_rcc_ex.o
 .debug_aranges
                0x00000c98      0x3e0 ./Drivers/STM32H7xx_HAL_Driver/Src/stm32h7xx_hal_tim.o
 .debug_aranges
                0x00001078      0x188 ./Drivers/STM32H7xx_HAL_Driver/Src/stm32h7xx_hal_tim_ex.o
 .debug_aranges
                0x00001200      0x248 ./Drivers/STM32H7xx_HAL_Driver/Src/stm32h7xx_hal_uart.o

.debug_rnglists
                0x00000000      0xfcf
 .debug_rnglists
                0x00000000       0x13 ./Core/Src/BeamSensorHandler.o
 .debug_rnglists
                0x00000013       0x26 ./Core/Src/MotorDriver.o
 .debug_rnglists
                0x00000039       0x19 ./Core/Src/SystemConfig.o
 .debug_rnglists
                0x00000052       0x46 ./Core/Src/UserInterface.o
 .debug_rnglists
                0x00000098       0x14 ./Core/Src/gpio.o
 .debug_rnglists
                0x000000ac       0x21 ./Core/Src/i2c.o
 .debug_rnglists
                0x000000cd       0x27 ./Core/Src/main.o
 .debug_rnglists
                0x000000f4       0x13 ./Core/Src/stm32h7xx_hal_msp.o
 .debug_rnglists
                0x00000107       0x4f ./Core/Src/stm32h7xx_it.o
 .debug_rnglists
                0x00000156       0x13 ./Core/Src/sysmem.o
 .debug_rnglists
                0x00000169       0x21 ./Core/Src/system_stm32h7xx.o
 .debug_rnglists
                0x0000018a       0x21 ./Core/Src/tim.o
 .debug_rnglists
                0x000001ab       0x19 ./Core/Startup/startup_stm32h753zitx.o
 .debug_rnglists
                0x000001c4       0x88 ./Drivers/BSP/STM32H7xx_Nucleo/stm32h7xx_nucleo.o
 .debug_rnglists
                0x0000024c      0x131 ./Drivers/STM32H7xx_HAL_Driver/Src/stm32h7xx_hal.o
 .debug_rnglists
                0x0000037d       0xe0 ./Drivers/STM32H7xx_HAL_Driver/Src/stm32h7xx_hal_cortex.o
 .debug_rnglists
                0x0000045d       0x46 ./Drivers/STM32H7xx_HAL_Driver/Src/stm32h7xx_hal_exti.o
 .debug_rnglists
                0x000004a3       0x3f ./Drivers/STM32H7xx_HAL_Driver/Src/stm32h7xx_hal_gpio.o
 .debug_rnglists
                0x000004e2      0x22a ./Drivers/STM32H7xx_HAL_Driver/Src/stm32h7xx_hal_i2c.o
 .debug_rnglists
                0x0000070c       0x35 ./Drivers/STM32H7xx_HAL_Driver/Src/stm32h7xx_hal_i2c_ex.o
 .debug_rnglists
                0x00000741      0x103 ./Drivers/STM32H7xx_HAL_Driver/Src/stm32h7xx_hal_pwr_ex.o
 .debug_rnglists
                0x00000844       0x68 ./Drivers/STM32H7xx_HAL_Driver/Src/stm32h7xx_hal_rcc.o
 .debug_rnglists
                0x000008ac       0xc0 ./Drivers/STM32H7xx_HAL_Driver/Src/stm32h7xx_hal_rcc_ex.o
 .debug_rnglists
                0x0000096c      0x32c ./Drivers/STM32H7xx_HAL_Driver/Src/stm32h7xx_hal_tim.o
 .debug_rnglists
                0x00000c98      0x13f ./Drivers/STM32H7xx_HAL_Driver/Src/stm32h7xx_hal_tim_ex.o
 .debug_rnglists
                0x00000dd7      0x1f8 ./Drivers/STM32H7xx_HAL_Driver/Src/stm32h7xx_hal_uart.o

.debug_macro    0x00000000    0x39a75
 .debug_macro   0x00000000      0x2c7 ./Core/Src/BeamSensorHandler.o
 .debug_macro   0x000002c7      0xaf6 ./Core/Src/BeamSensorHandler.o
 .debug_macro   0x00000dbd      0x238 ./Core/Src/BeamSensorHandler.o
 .debug_macro   0x00000ff5       0x2e ./Core/Src/BeamSensorHandler.o
 .debug_macro   0x00001023       0x3b ./Core/Src/BeamSensorHandler.o
 .debug_macro   0x0000105e       0x22 ./Core/Src/BeamSensorHandler.o
 .debug_macro   0x00001080       0x8e ./Core/Src/BeamSensorHandler.o
 .debug_macro   0x0000110e       0x51 ./Core/Src/BeamSensorHandler.o
 .debug_macro   0x0000115f      0x103 ./Core/Src/BeamSensorHandler.o
 .debug_macro   0x00001262       0x6a ./Core/Src/BeamSensorHandler.o
 .debug_macro   0x000012cc      0x1df ./Core/Src/BeamSensorHandler.o
 .debug_macro   0x000014ab       0x1c ./Core/Src/BeamSensorHandler.o
 .debug_macro   0x000014c7       0x22 ./Core/Src/BeamSensorHandler.o
 .debug_macro   0x000014e9       0xfb ./Core/Src/BeamSensorHandler.o
 .debug_macro   0x000015e4     0x1313 ./Core/Src/BeamSensorHandler.o
 .debug_macro   0x000028f7      0x11f ./Core/Src/BeamSensorHandler.o
 .debug_macro   0x00002a16       0x22 ./Core/Src/BeamSensorHandler.o
 .debug_macro   0x00002a38    0x261e4 ./Core/Src/BeamSensorHandler.o
 .debug_macro   0x00028c1c       0x6d ./Core/Src/BeamSensorHandler.o
 .debug_macro   0x00028c89     0x3d79 ./Core/Src/BeamSensorHandler.o
 .debug_macro   0x0002ca02      0x190 ./Core/Src/BeamSensorHandler.o
 .debug_macro   0x0002cb92       0x61 ./Core/Src/BeamSensorHandler.o
 .debug_macro   0x0002cbf3       0x29 ./Core/Src/BeamSensorHandler.o
 .debug_macro   0x0002cc1c       0x43 ./Core/Src/BeamSensorHandler.o
 .debug_macro   0x0002cc5f       0x34 ./Core/Src/BeamSensorHandler.o
 .debug_macro   0x0002cc93      0x364 ./Core/Src/BeamSensorHandler.o
 .debug_macro   0x0002cff7       0x16 ./Core/Src/BeamSensorHandler.o
 .debug_macro   0x0002d00d       0x4a ./Core/Src/BeamSensorHandler.o
 .debug_macro   0x0002d057       0x34 ./Core/Src/BeamSensorHandler.o
 .debug_macro   0x0002d08b       0x10 ./Core/Src/BeamSensorHandler.o
 .debug_macro   0x0002d09b       0x58 ./Core/Src/BeamSensorHandler.o
 .debug_macro   0x0002d0f3       0x8e ./Core/Src/BeamSensorHandler.o
 .debug_macro   0x0002d181       0x1c ./Core/Src/BeamSensorHandler.o
 .debug_macro   0x0002d19d      0x17e ./Core/Src/BeamSensorHandler.o
 .debug_macro   0x0002d31b      0x19b ./Core/Src/BeamSensorHandler.o
 .debug_macro   0x0002d4b6       0x5d ./Core/Src/BeamSensorHandler.o
 .debug_macro   0x0002d513     0x240e ./Core/Src/BeamSensorHandler.o
 .debug_macro   0x0002f921     0x102c ./Core/Src/BeamSensorHandler.o
 .debug_macro   0x0003094d      0x154 ./Core/Src/BeamSensorHandler.o
 .debug_macro   0x00030aa1      0x114 ./Core/Src/BeamSensorHandler.o
 .debug_macro   0x00030bb5      0x3b6 ./Core/Src/BeamSensorHandler.o
 .debug_macro   0x00030f6b       0xac ./Core/Src/BeamSensorHandler.o
 .debug_macro   0x00031017      0x72d ./Core/Src/BeamSensorHandler.o
 .debug_macro   0x00031744      0x228 ./Core/Src/BeamSensorHandler.o
 .debug_macro   0x0003196c       0x66 ./Core/Src/BeamSensorHandler.o
 .debug_macro   0x000319d2      0x3bb ./Core/Src/BeamSensorHandler.o
 .debug_macro   0x00031d8d      0x3e4 ./Core/Src/BeamSensorHandler.o
 .debug_macro   0x00032171      0x275 ./Core/Src/BeamSensorHandler.o
 .debug_macro   0x000323e6      0x3ca ./Core/Src/BeamSensorHandler.o
 .debug_macro   0x000327b0      0x408 ./Core/Src/BeamSensorHandler.o
 .debug_macro   0x00032bb8       0x51 ./Core/Src/BeamSensorHandler.o
 .debug_macro   0x00032c09       0x4a ./Core/Src/BeamSensorHandler.o
 .debug_macro   0x00032c53      0x22c ./Core/Src/BeamSensorHandler.o
 .debug_macro   0x00032e7f       0x67 ./Core/Src/BeamSensorHandler.o
 .debug_macro   0x00032ee6       0xa5 ./Core/Src/BeamSensorHandler.o
 .debug_macro   0x00032f8b      0x1c4 ./Core/Src/BeamSensorHandler.o
 .debug_macro   0x0003314f      0x25e ./Core/Src/BeamSensorHandler.o
 .debug_macro   0x000333ad       0x35 ./Core/Src/BeamSensorHandler.o
 .debug_macro   0x000333e2      0xafa ./Core/Src/BeamSensorHandler.o
 .debug_macro   0x00033edc      0x29f ./Core/Src/BeamSensorHandler.o
 .debug_macro   0x0003417b      0x693 ./Core/Src/BeamSensorHandler.o
 .debug_macro   0x0003480e       0xa6 ./Core/Src/BeamSensorHandler.o
 .debug_macro   0x000348b4      0x5ac ./Core/Src/BeamSensorHandler.o
 .debug_macro   0x00034e60      0x32b ./Core/Src/MotorDriver.o
 .debug_macro   0x0003518b       0x2e ./Core/Src/MotorDriver.o
 .debug_macro   0x000351b9       0x52 ./Core/Src/MotorDriver.o
 .debug_macro   0x0003520b      0x131 ./Core/Src/MotorDriver.o
 .debug_macro   0x0003533c       0x1c ./Core/Src/MotorDriver.o
 .debug_macro   0x00035358       0x3c ./Core/Src/MotorDriver.o
 .debug_macro   0x00035394       0x10 ./Core/Src/MotorDriver.o
 .debug_macro   0x000353a4       0x1c ./Core/Src/MotorDriver.o
 .debug_macro   0x000353c0       0x16 ./Core/Src/MotorDriver.o
 .debug_macro   0x000353d6      0x146 ./Core/Src/MotorDriver.o
 .debug_macro   0x0003551c       0x88 ./Core/Src/MotorDriver.o
 .debug_macro   0x000355a4      0x321 ./Core/Src/SystemConfig.o
 .debug_macro   0x000358c5      0x361 ./Core/Src/UserInterface.o
 .debug_macro   0x00035c26       0x16 ./Core/Src/UserInterface.o
 .debug_macro   0x00035c3c       0x20 ./Core/Src/UserInterface.o
 .debug_macro   0x00035c5c      0x321 ./Core/Src/gpio.o
 .debug_macro   0x00035f7d      0x321 ./Core/Src/i2c.o
 .debug_macro   0x0003629e      0x365 ./Core/Src/main.o
 .debug_macro   0x00036603      0x317 ./Core/Src/stm32h7xx_hal_msp.o
 .debug_macro   0x0003691a      0x321 ./Core/Src/stm32h7xx_it.o
 .debug_macro   0x00036c3b      0x112 ./Core/Src/sysmem.o
 .debug_macro   0x00036d4d      0x23c ./Core/Src/sysmem.o
 .debug_macro   0x00036f89      0x2b3 ./Core/Src/system_stm32h7xx.o
 .debug_macro   0x0003723c      0x321 ./Core/Src/tim.o
 .debug_macro   0x0003755d      0x2da ./Drivers/BSP/STM32H7xx_Nucleo/stm32h7xx_nucleo.o
 .debug_macro   0x00037837       0x28 ./Drivers/BSP/STM32H7xx_Nucleo/stm32h7xx_nucleo.o
 .debug_macro   0x0003785f      0x2dd ./Drivers/STM32H7xx_HAL_Driver/Src/stm32h7xx_hal.o
 .debug_macro   0x00037b3c      0x2b3 ./Drivers/STM32H7xx_HAL_Driver/Src/stm32h7xx_hal_cortex.o
 .debug_macro   0x00037def      0x2c1 ./Drivers/STM32H7xx_HAL_Driver/Src/stm32h7xx_hal_exti.o
 .debug_macro   0x000380b0      0x2ba ./Drivers/STM32H7xx_HAL_Driver/Src/stm32h7xx_hal_gpio.o
 .debug_macro   0x0003836a      0x37f ./Drivers/STM32H7xx_HAL_Driver/Src/stm32h7xx_hal_i2c.o
 .debug_macro   0x000386e9      0x2b3 ./Drivers/STM32H7xx_HAL_Driver/Src/stm32h7xx_hal_i2c_ex.o
 .debug_macro   0x0003899c      0x2ec ./Drivers/STM32H7xx_HAL_Driver/Src/stm32h7xx_hal_pwr_ex.o
 .debug_macro   0x00038c88      0x2d7 ./Drivers/STM32H7xx_HAL_Driver/Src/stm32h7xx_hal_rcc.o
 .debug_macro   0x00038f5f      0x2d1 ./Drivers/STM32H7xx_HAL_Driver/Src/stm32h7xx_hal_rcc_ex.o
 .debug_macro   0x00039230      0x2b4 ./Drivers/STM32H7xx_HAL_Driver/Src/stm32h7xx_hal_tim.o
 .debug_macro   0x000394e4      0x2b3 ./Drivers/STM32H7xx_HAL_Driver/Src/stm32h7xx_hal_tim_ex.o
 .debug_macro   0x00039797      0x2de ./Drivers/STM32H7xx_HAL_Driver/Src/stm32h7xx_hal_uart.o

.debug_line     0x00000000    0x1dff5
 .debug_line    0x00000000      0x92b ./Core/Src/BeamSensorHandler.o
 .debug_line    0x0000092b      0xa2f ./Core/Src/MotorDriver.o
 .debug_line    0x0000135a      0x9fc ./Core/Src/SystemConfig.o
 .debug_line    0x00001d56      0xc03 ./Core/Src/UserInterface.o
 .debug_line    0x00002959      0x9c8 ./Core/Src/gpio.o
 .debug_line    0x00003321      0xa20 ./Core/Src/i2c.o
 .debug_line    0x00003d41      0xb05 ./Core/Src/main.o
 .debug_line    0x00004846      0x980 ./Core/Src/stm32h7xx_hal_msp.o
 .debug_line    0x000051c6      0xa61 ./Core/Src/stm32h7xx_it.o
 .debug_line    0x00005c27      0x58d ./Core/Src/sysmem.o
 .debug_line    0x000061b4      0xafa ./Core/Src/system_stm32h7xx.o
 .debug_line    0x00006cae      0xa22 ./Core/Src/tim.o
 .debug_line    0x000076d0       0x7b ./Core/Startup/startup_stm32h753zitx.o
 .debug_line    0x0000774b      0xd04 ./Drivers/BSP/STM32H7xx_Nucleo/stm32h7xx_nucleo.o
 .debug_line    0x0000844f      0xecd ./Drivers/STM32H7xx_HAL_Driver/Src/stm32h7xx_hal.o
 .debug_line    0x0000931c      0xeb0 ./Drivers/STM32H7xx_HAL_Driver/Src/stm32h7xx_hal_cortex.o
 .debug_line    0x0000a1cc      0xd7e ./Drivers/STM32H7xx_HAL_Driver/Src/stm32h7xx_hal_exti.o
 .debug_line    0x0000af4a      0xd63 ./Drivers/STM32H7xx_HAL_Driver/Src/stm32h7xx_hal_gpio.o
 .debug_line    0x0000bcad     0x3c3a ./Drivers/STM32H7xx_HAL_Driver/Src/stm32h7xx_hal_i2c.o
 .debug_line    0x0000f8e7      0xa58 ./Drivers/STM32H7xx_HAL_Driver/Src/stm32h7xx_hal_i2c_ex.o
 .debug_line    0x0001033f     0x104e ./Drivers/STM32H7xx_HAL_Driver/Src/stm32h7xx_hal_pwr_ex.o
 .debug_line    0x0001138d     0x1571 ./Drivers/STM32H7xx_HAL_Driver/Src/stm32h7xx_hal_rcc.o
 .debug_line    0x000128fe     0x1e7d ./Drivers/STM32H7xx_HAL_Driver/Src/stm32h7xx_hal_rcc_ex.o
 .debug_line    0x0001477b     0x40a2 ./Drivers/STM32H7xx_HAL_Driver/Src/stm32h7xx_hal_tim.o
 .debug_line    0x0001881d     0x1d90 ./Drivers/STM32H7xx_HAL_Driver/Src/stm32h7xx_hal_tim_ex.o
 .debug_line    0x0001a5ad     0x3a48 ./Drivers/STM32H7xx_HAL_Driver/Src/stm32h7xx_hal_uart.o

.debug_str      0x00000000   0x167ce4
 .debug_str     0x00000000   0x167ce4 ./Core/Src/BeamSensorHandler.o
                             0x15f854 (size before relaxing)
 .debug_str     0x00167ce4   0x160a9e ./Core/Src/MotorDriver.o
 .debug_str     0x00167ce4   0x160997 ./Core/Src/SystemConfig.o
 .debug_str     0x00167ce4   0x161576 ./Core/Src/UserInterface.o
 .debug_str     0x00167ce4   0x161413 ./Core/Src/gpio.o
 .debug_str     0x00167ce4   0x16155d ./Core/Src/i2c.o
 .debug_str     0x00167ce4   0x161522 ./Core/Src/main.o
 .debug_str     0x00167ce4   0x160aea ./Core/Src/stm32h7xx_hal_msp.o
 .debug_str     0x00167ce4   0x1609d3 ./Core/Src/stm32h7xx_it.o
 .debug_str     0x00167ce4     0x778b ./Core/Src/sysmem.o
 .debug_str     0x00167ce4   0x15fd08 ./Core/Src/system_stm32h7xx.o
 .debug_str     0x00167ce4   0x16137e ./Core/Src/tim.o
 .debug_str     0x00167ce4       0xa5 ./Core/Startup/startup_stm32h753zitx.o
 .debug_str     0x00167ce4   0x1615eb ./Drivers/BSP/STM32H7xx_Nucleo/stm32h7xx_nucleo.o
 .debug_str     0x00167ce4   0x160be7 ./Drivers/STM32H7xx_HAL_Driver/Src/stm32h7xx_hal.o
 .debug_str     0x00167ce4   0x160629 ./Drivers/STM32H7xx_HAL_Driver/Src/stm32h7xx_hal_cortex.o
 .debug_str     0x00167ce4   0x15fad3 ./Drivers/STM32H7xx_HAL_Driver/Src/stm32h7xx_hal_exti.o
 .debug_str     0x00167ce4   0x15fc79 ./Drivers/STM32H7xx_HAL_Driver/Src/stm32h7xx_hal_gpio.o
 .debug_str     0x00167ce4   0x160d1a ./Drivers/STM32H7xx_HAL_Driver/Src/stm32h7xx_hal_i2c.o
 .debug_str     0x00167ce4   0x1600be ./Drivers/STM32H7xx_HAL_Driver/Src/stm32h7xx_hal_i2c_ex.o
 .debug_str     0x00167ce4   0x160141 ./Drivers/STM32H7xx_HAL_Driver/Src/stm32h7xx_hal_pwr_ex.o
 .debug_str     0x00167ce4   0x16005d ./Drivers/STM32H7xx_HAL_Driver/Src/stm32h7xx_hal_rcc.o
 .debug_str     0x00167ce4   0x16053e ./Drivers/STM32H7xx_HAL_Driver/Src/stm32h7xx_hal_rcc_ex.o
 .debug_str     0x00167ce4   0x160dfc ./Drivers/STM32H7xx_HAL_Driver/Src/stm32h7xx_hal_tim.o
 .debug_str     0x00167ce4   0x160724 ./Drivers/STM32H7xx_HAL_Driver/Src/stm32h7xx_hal_tim_ex.o
 .debug_str     0x00167ce4   0x160b9e ./Drivers/STM32H7xx_HAL_Driver/Src/stm32h7xx_hal_uart.o

.comment        0x00000000       0x43
 .comment       0x00000000       0x43 ./Core/Src/BeamSensorHandler.o
                                 0x44 (size before relaxing)
 .comment       0x00000043       0x44 ./Core/Src/MotorDriver.o
 .comment       0x00000043       0x44 ./Core/Src/SystemConfig.o
 .comment       0x00000043       0x44 ./Core/Src/UserInterface.o
 .comment       0x00000043       0x44 ./Core/Src/gpio.o
 .comment       0x00000043       0x44 ./Core/Src/i2c.o
 .comment       0x00000043       0x44 ./Core/Src/main.o
 .comment       0x00000043       0x44 ./Core/Src/stm32h7xx_hal_msp.o
 .comment       0x00000043       0x44 ./Core/Src/stm32h7xx_it.o
 .comment       0x00000043       0x44 ./Core/Src/sysmem.o
 .comment       0x00000043       0x44 ./Core/Src/system_stm32h7xx.o
 .comment       0x00000043       0x44 ./Core/Src/tim.o
 .comment       0x00000043       0x44 ./Drivers/BSP/STM32H7xx_Nucleo/stm32h7xx_nucleo.o
 .comment       0x00000043       0x44 ./Drivers/STM32H7xx_HAL_Driver/Src/stm32h7xx_hal.o
 .comment       0x00000043       0x44 ./Drivers/STM32H7xx_HAL_Driver/Src/stm32h7xx_hal_cortex.o
 .comment       0x00000043       0x44 ./Drivers/STM32H7xx_HAL_Driver/Src/stm32h7xx_hal_exti.o
 .comment       0x00000043       0x44 ./Drivers/STM32H7xx_HAL_Driver/Src/stm32h7xx_hal_gpio.o
 .comment       0x00000043       0x44 ./Drivers/STM32H7xx_HAL_Driver/Src/stm32h7xx_hal_i2c.o
 .comment       0x00000043       0x44 ./Drivers/STM32H7xx_HAL_Driver/Src/stm32h7xx_hal_i2c_ex.o
 .comment       0x00000043       0x44 ./Drivers/STM32H7xx_HAL_Driver/Src/stm32h7xx_hal_pwr_ex.o
 .comment       0x00000043       0x44 ./Drivers/STM32H7xx_HAL_Driver/Src/stm32h7xx_hal_rcc.o
 .comment       0x00000043       0x44 ./Drivers/STM32H7xx_HAL_Driver/Src/stm32h7xx_hal_rcc_ex.o
 .comment       0x00000043       0x44 ./Drivers/STM32H7xx_HAL_Driver/Src/stm32h7xx_hal_tim.o
 .comment       0x00000043       0x44 ./Drivers/STM32H7xx_HAL_Driver/Src/stm32h7xx_hal_tim_ex.o
 .comment       0x00000043       0x44 ./Drivers/STM32H7xx_HAL_Driver/Src/stm32h7xx_hal_uart.o

.debug_frame    0x00000000     0x55d4
 .debug_frame   0x00000000       0x34 ./Core/Src/BeamSensorHandler.o
 .debug_frame   0x00000034       0x90 ./Core/Src/MotorDriver.o
 .debug_frame   0x000000c4       0x48 ./Core/Src/SystemConfig.o
 .debug_frame   0x0000010c      0x148 ./Core/Src/UserInterface.o
 .debug_frame   0x00000254       0x34 ./Core/Src/gpio.o
 .debug_frame   0x00000288       0x78 ./Core/Src/i2c.o
 .debug_frame   0x00000300       0x94 ./Core/Src/main.o
 .debug_frame   0x00000394       0x34 ./Core/Src/stm32h7xx_hal_msp.o
 .debug_frame   0x000003c8      0x130 ./Core/Src/stm32h7xx_it.o
 .debug_frame   0x000004f8       0x34 ./Core/Src/sysmem.o
 .debug_frame   0x0000052c       0x60 ./Core/Src/system_stm32h7xx.o
 .debug_frame   0x0000058c       0x7c ./Core/Src/tim.o
 .debug_frame   0x00000608      0x2d0 ./Drivers/BSP/STM32H7xx_Nucleo/stm32h7xx_nucleo.o
 .debug_frame   0x000008d8      0x5e8 ./Drivers/STM32H7xx_HAL_Driver/Src/stm32h7xx_hal.o
 .debug_frame   0x00000ec0      0x4b8 ./Drivers/STM32H7xx_HAL_Driver/Src/stm32h7xx_hal_cortex.o
 .debug_frame   0x00001378      0x154 ./Drivers/STM32H7xx_HAL_Driver/Src/stm32h7xx_hal_exti.o
 .debug_frame   0x000014cc      0x130 ./Drivers/STM32H7xx_HAL_Driver/Src/stm32h7xx_hal_gpio.o
 .debug_frame   0x000015fc      0xbf0 ./Drivers/STM32H7xx_HAL_Driver/Src/stm32h7xx_hal_i2c.o
 .debug_frame   0x000021ec       0xe8 ./Drivers/STM32H7xx_HAL_Driver/Src/stm32h7xx_hal_i2c_ex.o
 .debug_frame   0x000022d4      0x500 ./Drivers/STM32H7xx_HAL_Driver/Src/stm32h7xx_hal_pwr_ex.o
 .debug_frame   0x000027d4      0x1e4 ./Drivers/STM32H7xx_HAL_Driver/Src/stm32h7xx_hal_rcc.o
 .debug_frame   0x000029b8      0x3d4 ./Drivers/STM32H7xx_HAL_Driver/Src/stm32h7xx_hal_rcc_ex.o
 .debug_frame   0x00002d8c     0x1144 ./Drivers/STM32H7xx_HAL_Driver/Src/stm32h7xx_hal_tim.o
 .debug_frame   0x00003ed0      0x690 ./Drivers/STM32H7xx_HAL_Driver/Src/stm32h7xx_hal_tim_ex.o
 .debug_frame   0x00004560      0xa1c ./Drivers/STM32H7xx_HAL_Driver/Src/stm32h7xx_hal_uart.o
 .debug_frame   0x00004f7c      0x144 C:/ST/STM32CubeIDE_2.1.1/STM32CubeIDE/plugins/com.st.stm32cube.ide.mcu.externaltools.gnu-tools-for-stm32.14.3.rel1.win32_1.0.100.202602081740/tools/bin/../lib/gcc/arm-none-eabi/14.3.1/../../../../arm-none-eabi/lib/thumb/v7e-m+dp/hard\libc_nano.a(libc_a-findfp.o)
 .debug_frame   0x000050c0       0x74 C:/ST/STM32CubeIDE_2.1.1/STM32CubeIDE/plugins/com.st.stm32cube.ide.mcu.externaltools.gnu-tools-for-stm32.14.3.rel1.win32_1.0.100.202602081740/tools/bin/../lib/gcc/arm-none-eabi/14.3.1/../../../../arm-none-eabi/lib/thumb/v7e-m+dp/hard\libc_nano.a(libc_a-sprintf.o)
 .debug_frame   0x00005134       0x20 C:/ST/STM32CubeIDE_2.1.1/STM32CubeIDE/plugins/com.st.stm32cube.ide.mcu.externaltools.gnu-tools-for-stm32.14.3.rel1.win32_1.0.100.202602081740/tools/bin/../lib/gcc/arm-none-eabi/14.3.1/../../../../arm-none-eabi/lib/thumb/v7e-m+dp/hard\libc_nano.a(libc_a-memset.o)
 .debug_frame   0x00005154       0x38 C:/ST/STM32CubeIDE_2.1.1/STM32CubeIDE/plugins/com.st.stm32cube.ide.mcu.externaltools.gnu-tools-for-stm32.14.3.rel1.win32_1.0.100.202602081740/tools/bin/../lib/gcc/arm-none-eabi/14.3.1/../../../../arm-none-eabi/lib/thumb/v7e-m+dp/hard\libc_nano.a(libc_a-reent.o)
 .debug_frame   0x0000518c       0x20 C:/ST/STM32CubeIDE_2.1.1/STM32CubeIDE/plugins/com.st.stm32cube.ide.mcu.externaltools.gnu-tools-for-stm32.14.3.rel1.win32_1.0.100.202602081740/tools/bin/../lib/gcc/arm-none-eabi/14.3.1/../../../../arm-none-eabi/lib/thumb/v7e-m+dp/hard\libc_nano.a(libc_a-errno.o)
 .debug_frame   0x000051ac       0x2c C:/ST/STM32CubeIDE_2.1.1/STM32CubeIDE/plugins/com.st.stm32cube.ide.mcu.externaltools.gnu-tools-for-stm32.14.3.rel1.win32_1.0.100.202602081740/tools/bin/../lib/gcc/arm-none-eabi/14.3.1/../../../../arm-none-eabi/lib/thumb/v7e-m+dp/hard\libc_nano.a(libc_a-init.o)
 .debug_frame   0x000051d8       0xb0 C:/ST/STM32CubeIDE_2.1.1/STM32CubeIDE/plugins/com.st.stm32cube.ide.mcu.externaltools.gnu-tools-for-stm32.14.3.rel1.win32_1.0.100.202602081740/tools/bin/../lib/gcc/arm-none-eabi/14.3.1/../../../../arm-none-eabi/lib/thumb/v7e-m+dp/hard\libc_nano.a(libc_a-lock.o)
 .debug_frame   0x00005288       0x20 C:/ST/STM32CubeIDE_2.1.1/STM32CubeIDE/plugins/com.st.stm32cube.ide.mcu.externaltools.gnu-tools-for-stm32.14.3.rel1.win32_1.0.100.202602081740/tools/bin/../lib/gcc/arm-none-eabi/14.3.1/../../../../arm-none-eabi/lib/thumb/v7e-m+dp/hard\libc_nano.a(libc_a-strlen.o)